Component: ARM Compiler 5.06 update 5 (build 528) Tool: armlink [4d35e2]

==============================================================================

Section Cross References

    startup_stm32f10x_md_1.o(STACK) refers (Special) to heapauxi.o(.text) for __use_two_region_memory
    startup_stm32f10x_md_1.o(HEAP) refers (Special) to heapauxi.o(.text) for __use_two_region_memory
    startup_stm32f10x_md_1.o(RESET) refers (Special) to heapauxi.o(.text) for __use_two_region_memory
    startup_stm32f10x_md_1.o(RESET) refers to startup_stm32f10x_md_1.o(STACK) for __initial_sp
    startup_stm32f10x_md_1.o(RESET) refers to startup_stm32f10x_md_1.o(.text) for Reset_Handler
    startup_stm32f10x_md_1.o(RESET) refers to stm32f10x_it.o(i.NMI_Handler) for NMI_Handler
    startup_stm32f10x_md_1.o(RESET) refers to stm32f10x_it.o(i.HardFault_Handler) for HardFault_Handler
    startup_stm32f10x_md_1.o(RESET) refers to stm32f10x_it.o(i.MemManage_Handler) for MemManage_Handler
    startup_stm32f10x_md_1.o(RESET) refers to stm32f10x_it.o(i.BusFault_Handler) for BusFault_Handler
    startup_stm32f10x_md_1.o(RESET) refers to stm32f10x_it.o(i.UsageFault_Handler) for UsageFault_Handler
    startup_stm32f10x_md_1.o(RESET) refers to stm32f10x_it.o(i.SVC_Handler) for SVC_Handler
    startup_stm32f10x_md_1.o(RESET) refers to stm32f10x_it.o(i.DebugMon_Handler) for DebugMon_Handler
    startup_stm32f10x_md_1.o(RESET) refers to stm32f10x_it.o(i.PendSV_Handler) for PendSV_Handler
    startup_stm32f10x_md_1.o(RESET) refers to stm32f10x_it.o(i.SysTick_Handler) for SysTick_Handler
    startup_stm32f10x_md_1.o(RESET) refers to serial.o(i.USART1_IRQHandler) for USART1_IRQHandler
    startup_stm32f10x_md_1.o(.text) refers (Special) to heapauxi.o(.text) for __use_two_region_memory
    startup_stm32f10x_md_1.o(.text) refers to system_stm32f10x.o(i.SystemInit) for SystemInit
    startup_stm32f10x_md_1.o(.text) refers to __main.o(!!!main) for __main
    startup_stm32f10x_md_1.o(.text) refers to startup_stm32f10x_md_1.o(HEAP) for Heap_Mem
    startup_stm32f10x_md_1.o(.text) refers to startup_stm32f10x_md_1.o(STACK) for Stack_Mem
    system_stm32f10x.o(i.SetSysClock) refers to system_stm32f10x.o(i.SetSysClockTo72) for SetSysClockTo72
    system_stm32f10x.o(i.SystemCoreClockUpdate) refers to system_stm32f10x.o(.data) for SystemCoreClock
    system_stm32f10x.o(i.SystemInit) refers to system_stm32f10x.o(i.SetSysClock) for SetSysClock
    stm32f10x_adc.o(i.ADC_DeInit) refers to stm32f10x_rcc.o(i.RCC_APB2PeriphResetCmd) for RCC_APB2PeriphResetCmd
    stm32f10x_bkp.o(i.BKP_DeInit) refers to stm32f10x_rcc.o(i.RCC_BackupResetCmd) for RCC_BackupResetCmd
    stm32f10x_can.o(i.CAN_DeInit) refers to stm32f10x_rcc.o(i.RCC_APB1PeriphResetCmd) for RCC_APB1PeriphResetCmd
    stm32f10x_can.o(i.CAN_GetITStatus) refers to stm32f10x_can.o(i.CheckITStatus) for CheckITStatus
    stm32f10x_cec.o(i.CEC_DeInit) refers to stm32f10x_rcc.o(i.RCC_APB1PeriphResetCmd) for RCC_APB1PeriphResetCmd
    stm32f10x_dac.o(i.DAC_DeInit) refers to stm32f10x_rcc.o(i.RCC_APB1PeriphResetCmd) for RCC_APB1PeriphResetCmd
    stm32f10x_flash.o(i.FLASH_EnableWriteProtection) refers to stm32f10x_flash.o(i.FLASH_WaitForLastOperation) for FLASH_WaitForLastOperation
    stm32f10x_flash.o(i.FLASH_EraseAllBank1Pages) refers to stm32f10x_flash.o(i.FLASH_WaitForLastBank1Operation) for FLASH_WaitForLastBank1Operation
    stm32f10x_flash.o(i.FLASH_EraseAllPages) refers to stm32f10x_flash.o(i.FLASH_WaitForLastOperation) for FLASH_WaitForLastOperation
    stm32f10x_flash.o(i.FLASH_EraseOptionBytes) refers to stm32f10x_flash.o(i.FLASH_GetReadOutProtectionStatus) for FLASH_GetReadOutProtectionStatus
    stm32f10x_flash.o(i.FLASH_EraseOptionBytes) refers to stm32f10x_flash.o(i.FLASH_WaitForLastOperation) for FLASH_WaitForLastOperation
    stm32f10x_flash.o(i.FLASH_ErasePage) refers to stm32f10x_flash.o(i.FLASH_WaitForLastOperation) for FLASH_WaitForLastOperation
    stm32f10x_flash.o(i.FLASH_ProgramHalfWord) refers to stm32f10x_flash.o(i.FLASH_WaitForLastOperation) for FLASH_WaitForLastOperation
    stm32f10x_flash.o(i.FLASH_ProgramOptionByteData) refers to stm32f10x_flash.o(i.FLASH_WaitForLastOperation) for FLASH_WaitForLastOperation
    stm32f10x_flash.o(i.FLASH_ProgramWord) refers to stm32f10x_flash.o(i.FLASH_WaitForLastOperation) for FLASH_WaitForLastOperation
    stm32f10x_flash.o(i.FLASH_ReadOutProtection) refers to stm32f10x_flash.o(i.FLASH_WaitForLastOperation) for FLASH_WaitForLastOperation
    stm32f10x_flash.o(i.FLASH_UserOptionByteConfig) refers to stm32f10x_flash.o(i.FLASH_WaitForLastOperation) for FLASH_WaitForLastOperation
    stm32f10x_flash.o(i.FLASH_WaitForLastBank1Operation) refers to stm32f10x_flash.o(i.FLASH_GetBank1Status) for FLASH_GetBank1Status
    stm32f10x_flash.o(i.FLASH_WaitForLastOperation) refers to stm32f10x_flash.o(i.FLASH_GetBank1Status) for FLASH_GetBank1Status
[...]
    hex                                      0x08005110   Data          17  shell.o(.constdata)
    .constdata                               0x08005124   Section        8  _printf_wctomb.o(.constdata)
    initial_mbstate                          0x08005124   Data           8  _printf_wctomb.o(.constdata)
    .constdata                               0x0800512c   Section       40  _printf_hex_int_ll_ptr.o(.constdata)
    uc_hextab                                0x0800512c   Data          20  _printf_hex_int_ll_ptr.o(.constdata)
    lc_hextab                                0x08005140   Data          20  _printf_hex_int_ll_ptr.o(.constdata)
    .constdata                               0x08005154   Section       17  __printf_flags_ss_wp.o(.constdata)
    maptable                                 0x08005154   Data          17  __printf_flags_ss_wp.o(.constdata)
    .constdata                               0x08005165   Section       38  _printf_fp_hex.o(.constdata)
    lc_hextab                                0x08005165   Data          19  _printf_fp_hex.o(.constdata)
    uc_hextab                                0x08005178   Data          19  _printf_fp_hex.o(.constdata)
    .constdata                               0x0800518c   Section      148  bigflt0.o(.constdata)
    tenpwrs_x                                0x0800518c   Data          60  bigflt0.o(.constdata)
    tenpwrs_i                                0x080051c8   Data          64  bigflt0.o(.constdata)
    locale$$data                             0x08005240   Section       28  lc_numeric_c.o(locale$$data)
    __lcnum_c_name                           0x08005244   Data           2  lc_numeric_c.o(locale$$data)
    __lcnum_c_start                          0x0800524c   Data           0  lc_numeric_c.o(locale$$data)
    __lcnum_c_point                          0x08005258   Data           0  lc_numeric_c.o(locale$$data)
    __lcnum_c_thousands                      0x0800525a   Data           0  lc_numeric_c.o(locale$$data)
    __lcnum_c_grouping                       0x0800525b   Data           0  lc_numeric_c.o(locale$$data)
    locale$$data                             0x0800525c   Section      272  lc_ctype_c.o(locale$$data)
    __lcnum_c_end                            0x0800525c   Data           0  lc_numeric_c.o(locale$$data)
    __lcctype_c_name                         0x08005260   Data           2  lc_ctype_c.o(locale$$data)
    __lcctype_c_start                        0x08005268   Data           0  lc_ctype_c.o(locale$$data)
    __lcctype_c_end                          0x0800536c   Data           0  lc_ctype_c.o(locale$$data)
    .data                                    0x20000000   Section       20  system_stm32f10x.o(.data)
    .data                                    0x20000014   Section       20  stm32f10x_rcc.o(.data)
    APBAHBPrescTable                         0x20000014   Data          16  stm32f10x_rcc.o(.data)
    ADCPrescTable                            0x20000024   Data           4  stm32f10x_rcc.o(.data)
    .data                                    0x20000028   Section       12  myrtc.o(.data)
    .data                                    0x20000034   Section        4  systemtime.o(.data)
    SystemTime_Millis                        0x20000034   Data           4  systemtime.o(.data)
    .data                                    0x20000038   Section        1  watchdog.o(.data)
    Watchdog_ResetFlag                       0x20000038   Data           1  watchdog.o(.data)
    .data                                    0x2000003a   Section        2  ad.o(.data)
    .data                                    0x2000003c   Section        6  serial.o(.data)
    Serial_RxActivity                        0x2000003d   Data           1  serial.o(.data)
    Serial_RxOverflow                        0x2000003e   Data           1  serial.o(.data)
    index                                    0x20000040   Data           2  serial.o(.data)
    .data                                    0x20000044   Section       20  main.o(.data)
    App_AccX                                 0x20000044   Data           2  main.o(.data)
    App_AccY                                 0x20000046   Data           2  main.o(.data)
    App_AccZ                                 0x20000048   Data           2  main.o(.data)
    App_GyroX                                0x2000004a   Data           2  main.o(.data)
    App_GyroY                                0x2000004c   Data           2  main.o(.data)
    App_GyroZ                                0x2000004e   Data           2  main.o(.data)
    App_MPUReady                             0x20000050   Data           1  main.o(.data)
    App_AlarmActive                          0x20000051   Data           1  main.o(.data)
    App_Sleeping                             0x20000052   Data           1  main.o(.data)
    App_NormalSince                          0x20000054   Data           4  main.o(.data)
    .data                                    0x20000058   Section       12  logger.o(.data)
    Logger_Count                             0x20000058   Data           2  logger.o(.data)
    Logger_NextSequence                      0x2000005c   Data           4  logger.o(.data)
    Logger_Ready                             0x20000060   Data           1  logger.o(.data)
    Logger_ManufacturerID                    0x20000061   Data           1  logger.o(.data)
    Logger_DeviceID                          0x20000062   Data           2  logger.o(.data)
    .bss                                     0x20000064   Section       96  serial.o(.bss)
    .bss                                     0x200000c4   Section       96  libspace.o(.bss)
    HEAP                                     0x20000128   Section      512  startup_stm32f10x_md_1.o(HEAP)
    Heap_Mem                                 0x20000128   Data         512  startup_stm32f10x_md_1.o(HEAP)
    STACK                                    0x20000328   Section     1024  startup_stm32f10x_md_1.o(STACK)
    Stack_Mem                                0x20000328   Data        1024  startup_stm32f10x_md_1.o(STACK)
    __initial_sp                             0x20000728   Data           0  startup_stm32f10x_md_1.o(STACK)

    Global Symbols

    Symbol Name                              Value     Ov Type        Size  Object(Section)

    BuildAttributes$$THM_ISAv4$P$D$K$B$S$PE$A:L22UL41UL21$X:L11$S22US41US21$IEEE1$IW$USESV6$~STKCKD$USESV7$~SHL$OTIME$ROPI$IEEEJ$EBA8$UX$STANDARDLIB$REQ8$PRES8$EABIv2 0x00000000   Number         0  anon$$obj.o ABSOLUTE
    __ARM_use_no_argv                        0x00000000   Number         0  main.o ABSOLUTE
    _printf_flags                            0x00000000   Number         0  printf_stubs.o ABSOLUTE
    _printf_return_value                     0x00000000   Number         0  printf_stubs.o ABSOLUTE
    _printf_sizespec                         0x00000000   Number         0  printf_stubs.o ABSOLUTE
    _printf_widthprec                        0x00000000   Number         0  printf_stubs.o ABSOLUTE
    __ARM_exceptions_init                     - Undefined Weak Reference
    __alloca_initialize                       - Undefined Weak Reference
    __arm_preinit_                            - Undefined Weak Reference
    __cpp_initialize__aeabi_                  - Undefined Weak Reference
    __cxa_finalize                            - Undefined Weak Reference
    __sigvec_lookup                           - Undefined Weak Reference
    _atexit_init                              - Undefined Weak Reference
    _call_atexit_fns                          - Undefined Weak Reference
    _clock_init                               - Undefined Weak Reference
    _fp_trap_init                             - Undefined Weak Reference
    _fp_trap_shutdown                         - Undefined Weak Reference
    _get_lc_collate                           - Undefined Weak Reference
    _get_lc_monetary                          - Undefined Weak Reference
    _get_lc_time                              - Undefined Weak Reference
    _getenv_init                              - Undefined Weak Reference
    _handle_redirection                       - Undefined Weak Reference
    _init_alloc                               - Undefined Weak Reference
    _init_user_alloc                          - Undefined Weak Reference
    _initio                                   - Undefined Weak Reference
    _printf_mbtowc                            - Undefined Weak Reference
    _printf_wc                                - Undefined Weak Reference
    _rand_init                                - Undefined Weak Reference
    _signal_finish                            - Undefined Weak Reference
    _signal_init                              - Undefined Weak Reference
    _terminate_alloc                          - Undefined Weak Reference
    _terminate_user_alloc                     - Undefined Weak Reference
    _terminateio                              - Undefined Weak Reference
    __Vectors_Size                           0x000000ec   Number         0  startup_stm32f10x_md_1.o ABSOLUTE
    __Vectors                                0x08000000   Data           4  startup_stm32f10x_md_1.o(RESET)
    __Vectors_End                            0x080000ec   Data           0  startup_stm32f10x_md_1.o(RESET)
    __main                                   0x080000ed   Thumb Code     8  __main.o(!!!main)
    __scatterload                            0x080000f5   Thumb Code     0  __scatter.o(!!!scatter)
    __scatterload_rt2                        0x080000f5   Thumb Code    44  __scatter.o(!!!scatter)
    __scatterload_rt2_thumb_only             0x080000f5   Thumb Code     0  __scatter.o(!!!scatter)
    __scatterload_null                       0x08000103   Thumb Code     0  __scatter.o(!!!scatter)
    __scatterload_copy                       0x08000129   Thumb Code    26  __scatter_copy.o(!!handler_copy)
    __scatterload_zeroinit                   0x08000145   Thumb Code    28  __scatter_zi.o(!!handler_zi)
    _printf_n                                0x08000161   Thumb Code     0  _printf_n.o(.ARM.Collect$$_printf_percent$$00000001)
    _printf_percent                          0x08000161   Thumb Code     0  _printf_percent.o(.ARM.Collect$$_printf_percent$$00000000)
    _printf_p                                0x08000167   Thumb Code     0  _printf_p.o(.ARM.Collect$$_printf_percent$$00000002)
    _printf_f                                0x0800016d   Thumb Code     0  _printf_f.o(.ARM.Collect$$_printf_percent$$00000003)
    _printf_e                                0x08000173   Thumb Code     0  _printf_e.o(.ARM.Collect$$_printf_percent$$00000004)
    _printf_g                                0x08000179   Thumb Code     0  _printf_g.o(.ARM.Collect$$_printf_percent$$00000005)
    _printf_a                                0x0800017f   Thumb Code     0  _printf_a.o(.ARM.Collect$$_printf_percent$$00000006)
    _printf_ll                               0x08000185   Thumb Code     0  _printf_ll.o(.ARM.Collect$$_printf_percent$$00000007)
    _printf_i                                0x0800018f   Thumb Code     0  _printf_i.o(.ARM.Collect$$_printf_percent$$00000008)
    _printf_d                                0x08000195   Thumb Code     0  _printf_d.o(.ARM.Collect$$_printf_percent$$00000009)
    _printf_u                                0x0800019b   Thumb Code     0  _printf_u.o(.ARM.Collect$$_printf_percent$$0000000A)
    _printf_o                                0x080001a1   Thumb Code     0  _printf_o.o(.ARM.Collect$$_printf_percent$$0000000B)
    _printf_x                                0x080001a7   Thumb Code     0  _printf_x.o(.ARM.Collect$$_printf_percent$$0000000C)
    _printf_lli                              0x080001ad   Thumb Code     0  _printf_lli.o(.ARM.Collect$$_printf_percent$$0000000D)
    _printf_lld                              0x080001b3   Thumb Code     0  _printf_lld.o(.ARM.Collect$$_printf_percent$$0000000E)
    _printf_llu                              0x080001b9   Thumb Code     0  _printf_llu.o(.ARM.Collect$$_printf_percent$$0000000F)
    _printf_llo                              0x080001bf   Thumb Code     0  _printf_llo.o(.ARM.Collect$$_printf_percent$$00000010)
    _printf_llx                              0x080001c5   Thumb Code     0  _printf_llx.o(.ARM.Collect$$_printf_percent$$00000011)
    _printf_l                                0x080001cb   Thumb Code     0  _printf_l.o(.ARM.Collect$$_printf_percent$$00000012)
    _printf_c                                0x080001d5   Thumb Code     0  _printf_c.o(.ARM.Collect$$_printf_percent$$00000013)
    _printf_s                                0x080001db   Thumb Code     0  _printf_s.o(.ARM.Collect$$_printf_percent$$00000014)
    _printf_lc                               0x080001e1   Thumb Code     0  _printf_lc.o(.ARM.Collect$$_printf_percent$$00000015)
    _printf_ls                               0x080001e7   Thumb Code     0  _printf_ls.o(.ARM.Collect$$_printf_percent$$00000016)
    _printf_percent_end                      0x080001ed   Thumb Code     0  _printf_percent_end.o(.ARM.Collect$$_printf_percent$$00000017)
    __rt_lib_init                            0x080001f1   Thumb Code     0  libinit.o(.ARM.Collect$$libinit$$00000000)
    __rt_lib_init_fp_1                       0x080001f3   Thumb Code     0  libinit2.o(.ARM.Collect$$libinit$$00000002)
    __rt_lib_init_heap_1                     0x080001f3   Thumb Code     0  libinit2.o(.ARM.Collect$$libinit$$0000000A)
    __rt_lib_init_lc_common                  0x080001f3   Thumb Code     0  libinit2.o(.ARM.Collect$$libinit$$0000000F)
    __rt_lib_init_preinit_1                  0x080001f3   Thumb Code     0  libinit2.o(.ARM.Collect$$libinit$$00000004)
    __rt_lib_init_rand_1                     0x080001f3   Thumb Code     0  libinit2.o(.ARM.Collect$$libinit$$0000000E)
    __rt_lib_init_user_alloc_1               0x080001f3   Thumb Code     0  libinit2.o(.ARM.Collect$$libinit$$0000000C)
    __rt_lib_init_lc_collate_1               0x080001f9   Thumb Code     0  libinit2.o(.ARM.Collect$$libinit$$00000011)
    __rt_lib_init_lc_ctype_2                 0x080001f9   Thumb Code     0  libinit2.o(.ARM.Collect$$libinit$$00000012)
    __rt_lib_init_lc_ctype_1                 0x08000205   Thumb Code     0  libinit2.o(.ARM.Collect$$libinit$$00000013)
    __rt_lib_init_lc_monetary_1              0x08000205   Thumb Code     0  libinit2.o(.ARM.Collect$$libinit$$00000015)
    __rt_lib_init_lc_numeric_2               0x08000205   Thumb Code     0  libinit2.o(.ARM.Collect$$libinit$$00000016)
    __rt_lib_init_alloca_1                   0x0800020f   Thumb Code     0  libinit2.o(.ARM.Collect$$libinit$$0000002E)
    __rt_lib_init_argv_1                     0x0800020f   Thumb Code     0  libinit2.o(.ARM.Collect$$libinit$$0000002C)
    __rt_lib_init_atexit_1                   0x0800020f   Thumb Code     0  libinit2.o(.ARM.Collect$$libinit$$0000001B)
    __rt_lib_init_clock_1                    0x0800020f   Thumb Code     0  libinit2.o(.ARM.Collect$$libinit$$00000021)
    __rt_lib_init_cpp_1                      0x0800020f   Thumb Code     0  libinit2.o(.ARM.Collect$$libinit$$00000032)
    __rt_lib_init_exceptions_1               0x0800020f   Thumb Code     0  libinit2.o(.ARM.Collect$$libinit$$00000030)
    __rt_lib_init_fp_trap_1                  0x0800020f   Thumb Code     0  libinit2.o(.ARM.Collect$$libinit$$0000001F)
    __rt_lib_init_getenv_1                   0x0800020f   Thumb Code     0  libinit2.o(.ARM.Collect$$libinit$$00000023)
    __rt_lib_init_lc_numeric_1               0x0800020f   Thumb Code     0  libinit2.o(.ARM.Collect$$libinit$$00000017)
    __rt_lib_init_lc_time_1                  0x0800020f   Thumb Code     0  libinit2.o(.ARM.Collect$$libinit$$00000019)
    __rt_lib_init_return                     0x0800020f   Thumb Code     0  libinit2.o(.ARM.Collect$$libinit$$00000033)
    __rt_lib_init_signal_1                   0x0800020f   Thumb Code     0  libinit2.o(.ARM.Collect$$libinit$$0000001D)
    __rt_lib_init_stdio_1                    0x0800020f   Thumb Code     0  libinit2.o(.ARM.Collect$$libinit$$00000025)
    __rt_lib_shutdown                        0x08000211   Thumb Code     0  libshutdown.o(.ARM.Collect$$libshutdown$$00000000)
    __rt_lib_shutdown_cpp_1                  0x08000213   Thumb Code     0  libshutdown2.o(.ARM.Collect$$libshutdown$$00000002)
    __rt_lib_shutdown_fp_trap_1              0x08000213   Thumb Code     0  libshutdown2.o(.ARM.Collect$$libshutdown$$00000007)
    __rt_lib_shutdown_heap_1                 0x08000213   Thumb Code     0  libshutdown2.o(.ARM.Collect$$libshutdown$$0000000F)
    __rt_lib_shutdown_return                 0x08000213   Thumb Code     0  libshutdown2.o(.ARM.Collect$$libshutdown$$00000010)
    __rt_lib_shutdown_signal_1               0x08000213   Thumb Code     0  libshutdown2.o(.ARM.Collect$$libshutdown$$0000000A)
    __rt_lib_shutdown_stdio_1                0x08000213   Thumb Code     0  libshutdown2.o(.ARM.Collect$$libshutdown$$00000004)
    __rt_lib_shutdown_user_alloc_1           0x08000213   Thumb Code     0  libshutdown2.o(.ARM.Collect$$libshutdown$$0000000C)
    __rt_entry                               0x08000215   Thumb Code     0  __rtentry.o(.ARM.Collect$$rtentry$$00000000)
    __rt_entry_presh_1                       0x08000215   Thumb Code     0  __rtentry2.o(.ARM.Collect$$rtentry$$00000002)
    __rt_entry_sh                            0x08000215   Thumb Code     0  __rtentry4.o(.ARM.Collect$$rtentry$$00000004)
    __rt_entry_li                            0x0800021b   Thumb Code     0  __rtentry2.o(.ARM.Collect$$rtentry$$0000000A)
    __rt_entry_postsh_1                      0x0800021b   Thumb Code     0  __rtentry2.o(.ARM.Collect$$rtentry$$00000009)
    __rt_entry_main                          0x0800021f   Thumb Code     0  __rtentry2.o(.ARM.Collect$$rtentry$$0000000D)
    __rt_entry_postli_1                      0x0800021f   Thumb Code     0  __rtentry2.o(.ARM.Collect$$rtentry$$0000000C)
    __rt_exit                                0x08000227   Thumb Code     0  rtexit.o(.ARM.Collect$$rtexit$$00000000)
    __rt_exit_ls                             0x08000229   Thumb Code     0  rtexit2.o(.ARM.Collect$$rtexit$$00000003)
    __rt_exit_prels_1                        0x08000229   Thumb Code     0  rtexit2.o(.ARM.Collect$$rtexit$$00000002)
    __rt_exit_exit                           0x0800022d   Thumb Code     0  rtexit2.o(.ARM.Collect$$rtexit$$00000004)
    Reset_Handler                            0x08000235   Thumb Code     8  startup_stm32f10x_md_1.o(.text)
    ADC1_2_IRQHandler                        0x0800024f   Thumb Code     0  startup_stm32f10x_md_1.o(.text)
    CAN1_RX1_IRQHandler                      0x0800024f   Thumb Code     0  startup_stm32f10x_md_1.o(.text)
    CAN1_SCE_IRQHandler                      0x0800024f   Thumb Code     0  startup_stm32f10x_md_1.o(.text)
    DMA1_Channel1_IRQHandler                 0x0800024f   Thumb Code     0  startup_stm32f10x_md_1.o(.text)
    DMA1_Channel2_IRQHandler                 0x0800024f   Thumb Code     0  startup_stm32f10x_md_1.o(.text)
    DMA1_Channel3_IRQHandler                 0x0800024f   Thumb Code     0  startup_stm32f10x_md_1.o(.text)
    DMA1_Channel4_IRQHandler                 0x0800024f   Thumb Code     0  startup_stm32f10x_md_1.o(.text)
    DMA1_Channel5_IRQHandler                 0x0800024f   Thumb Code     0  startup_stm32f10x_md_1.o(.text)
    DMA1_Channel6_IRQHandler                 0x0800024f   Thumb Code     0  startup_stm32f10x_md_1.o(.text)
    DMA1_Channel7_IRQHandler                 0x0800024f   Thumb Code     0  startup_stm32f10x_md_1.o(.text)
    EXTI0_IRQHandler                         0x0800024f   Thumb Code     0  startup_stm32f10x_md_1.o(.text)
    EXTI15_10_IRQHandler                     0x0800024f   Thumb Code     0  startup_stm32f10x_md_1.o(.text)
    EXTI1_IRQHandler                         0x0800024f   Thumb Code     0  startup_stm32f10x_md_1.o(.text)
    EXTI2_IRQHandler                         0x0800024f   Thumb Code     0  startup_stm32f10x_md_1.o(.text)
    EXTI3_IRQHandler                         0x0800024f   Thumb Code     0  startup_stm32f10x_md_1.o(.text)
    EXTI4_IRQHandler                         0x0800024f   Thumb Code     0  startup_stm32f10x_md_1.o(.text)
    EXTI9_5_IRQHandler                       0x0800024f   Thumb Code     0  startup_stm32f10x_md_1.o(.text)
    FLASH_IRQHandler                         0x0800024f   Thumb Code     0  startup_stm32f10x_md_1.o(.text)
    I2C1_ER_IRQHandler                       0x0800024f   Thumb Code     0  startup_stm32f10x_md_1.o(.text)
    I2C1_EV_IRQHandler                       0x0800024f   Thumb Code     0  startup_stm32f10x_md_1.o(.text)
    I2C2_ER_IRQHandler                       0x0800024f   Thumb Code     0  startup_stm32f10x_md_1.o(.text)
    I2C2_EV_IRQHandler                       0x0800024f   Thumb Code     0  startup_stm32f10x_md_1.o(.text)
    PVD_IRQHandler                           0x0800024f   Thumb Code     0  startup_stm32f10x_md_1.o(.text)
    RCC_IRQHandler                           0x0800024f   Thumb Code     0  startup_stm32f10x_md_1.o(.text)
    RTCAlarm_IRQHandler                      0x0800024f   Thumb Code     0  startup_stm32f10x_md_1.o(.text)
    RTC_IRQHandler                           0x0800024f   Thumb Code     0  startup_stm32f10x_md_1.o(.text)
    SPI1_IRQHandler                          0x0800024f   Thumb Code     0  startup_stm32f10x_md_1.o(.text)
    SPI2_IRQHandler                          0x0800024f   Thumb Code     0  startup_stm32f10x_md_1.o(.text)
    TAMPER_IRQHandler                        0x0800024f   Thumb Code     0  startup_stm32f10x_md_1.o(.text)
    TIM1_BRK_IRQHandler                      0x0800024f   Thumb Code     0  startup_stm32f10x_md_1.o(.text)
    TIM1_CC_IRQHandler                       0x0800024f   Thumb Code     0  startup_stm32f10x_md_1.o(.text)
    TIM1_TRG_COM_IRQHandler                  0x0800024f   Thumb Code     0  startup_stm32f10x_md_1.o(.text)
    TIM1_UP_IRQHandler                       0x0800024f   Thumb Code     0  startup_stm32f10x_md_1.o(.text)
    TIM2_IRQHandler                          0x0800024f   Thumb Code     0  startup_stm32f10x_md_1.o(.text)
    TIM3_IRQHandler                          0x0800024f   Thumb Code     0  startup_stm32f10x_md_1.o(.text)
    TIM4_IRQHandler                          0x0800024f   Thumb Code     0  startup_stm32f10x_md_1.o(.text)
    USART2_IRQHandler                        0x0800024f   Thumb Code     0  startup_stm32f10x_md_1.o(.text)
    USART3_IRQHandler                        0x0800024f   Thumb Code     0  startup_stm32f10x_md_1.o(.text)
    USBWakeUp_IRQHandler                     0x0800024f   Thumb Code     0  startup_stm32f10x_md_1.o(.text)
    USB_HP_CAN1_TX_IRQHandler                0x0800024f   Thumb Code     0  startup_stm32f10x_md_1.o(.text)
    USB_LP_CAN1_RX0_IRQHandler               0x0800024f   Thumb Code     0  startup_stm32f10x_md_1.o(.text)
    WWDG_IRQHandler                          0x0800024f   Thumb Code     0  startup_stm32f10x_md_1.o(.text)
    __user_initial_stackheap                 0x08000251   Thumb Code     0  startup_stm32f10x_md_1.o(.text)
    vsnprintf                                0x08000275   Thumb Code    48  vsnprintf.o(.text)
    strncmp                                  0x080002a9   Thumb Code   150  strncmp.o(.text)
    strcmp                                   0x08000341   Thumb Code   128  strcmpv7m.o(.text)
    __use_two_region_memory                  0x080003c1   Thumb Code     2  heapauxi.o(.text)
    __rt_heap_escrow$2region                 0x080003c3   Thumb Code     2  heapauxi.o(.text)
    __rt_heap_expand$2region                 0x080003c5   Thumb Code     2  heapauxi.o(.text)
    _printf_pre_padding                      0x080003c7   Thumb Code    44  _printf_pad.o(.text)
    _printf_post_padding                     0x080003f3   Thumb Code    34  _printf_pad.o(.text)
    _printf_truncate_signed                  0x08000415   Thumb Code    18  _printf_truncate.o(.text)
    _printf_truncate_unsigned                0x08000427   Thumb Code    18  _printf_truncate.o(.text)
    _printf_str                              0x08000439   Thumb Code    82  _printf_str.o(.text)
    _printf_int_dec                          0x0800048d   Thumb Code   104  _printf_dec.o(.text)
    _printf_charcount                        0x08000505   Thumb Code    40  _printf_charcount.o(.text)
    _printf_char_common                      0x08000537   Thumb Code    32  _printf_char_common.o(.text)
    _sputc                                   0x0800055d   Thumb Code    10  _sputc.o(.text)
    _snputc                                  0x08000567   Thumb Code    16  _snputc.o(.text)
    _printf_wctomb                           0x08000579   Thumb Code   182  _printf_wctomb.o(.text)
    _printf_longlong_dec                     0x08000635   Thumb Code   108  _printf_longlong_dec.o(.text)
    _printf_longlong_oct                     0x080006b1   Thumb Code    66  _printf_oct_int_ll.o(.text)
    _printf_int_oct                          0x080006f3   Thumb Code    24  _printf_oct_int_ll.o(.text)
    _printf_ll_oct                           0x0800070b   Thumb Code    12  _printf_oct_int_ll.o(.text)
    _printf_longlong_hex                     0x08000721   Thumb Code    86  _printf_hex_int_ll_ptr.o(.text)
    _printf_int_hex                          0x08000777   Thumb Code    28  _printf_hex_int_ll_ptr.o(.text)
    _printf_ll_hex                           0x08000793   Thumb Code    12  _printf_hex_int_ll_ptr.o(.text)
    _printf_hex_ptr                          0x0800079f   Thumb Code    18  _printf_hex_int_ll_ptr.o(.text)
    __printf                                 0x080007b5   Thumb Code   388  __printf_flags_ss_wp.o(.text)
    _ll_udiv10                               0x0800093d   Thumb Code   138  lludiv10.o(.text)
    _printf_int_common                       0x080009c7   Thumb Code   178  _printf_intcommon.o(.text)
    __lib_sel_fp_printf                      0x08000a79   Thumb Code     2  _printf_fp_dec.o(.text)
    _printf_fp_dec_real                      0x08000c2b   Thumb Code   620  _printf_fp_dec.o(.text)
    _printf_fp_hex_real                      0x08000e99   Thumb Code   756  _printf_fp_hex.o(.text)
    _printf_cs_common                        0x08001195   Thumb Code    20  _printf_char.o(.text)
    _printf_char                             0x080011a9   Thumb Code    16  _printf_char.o(.text)
    _printf_string                           0x080011b9   Thumb Code     8  _printf_char.o(.text)
    _printf_lcs_common                       0x080011c1   Thumb Code    20  _printf_wchar.o(.text)
    _printf_wchar                            0x080011d5   Thumb Code    16  _printf_wchar.o(.text)
    _printf_wstring                          0x080011e5   Thumb Code     8  _printf_wchar.o(.text)
    _wcrtomb                                 0x080011ed   Thumb Code    64  _wcrtomb.o(.text)
    __user_setup_stackheap                   0x0800122d   Thumb Code    74  sys_stackheap_outer.o(.text)
    __rt_ctype_table                         0x08001279   Thumb Code    16  rt_ctype_table.o(.text)
    __rt_locale                              0x08001289   Thumb Code     8  rt_locale_intlibspace.o(.text)
    _printf_fp_infnan                        0x08001291   Thumb Code   112  _printf_fp_infnan.o(.text)
    _btod_etento                             0x08001311   Thumb Code   224  bigflt0.o(.text)
    exit                                     0x080013f5   Thumb Code    18  exit.o(.text)
    __user_libspace                          0x08001409   Thumb Code     8  libspace.o(.text)
    __user_perproc_libspace                  0x08001409   Thumb Code     0  libspace.o(.text)
    __user_perthread_libspace                0x08001409   Thumb Code     0  libspace.o(.text)
    _sys_exit                                0x08001411   Thumb Code     8  sys_exit.o(.text)
    __I$use$semihosting                      0x0800141d   Thumb Code     0  use_no_semi.o(.text)
    __use_no_semihosting_swi                 0x0800141d   Thumb Code     2  use_no_semi.o(.text)
    __semihosting_library_function           0x0800141f   Thumb Code     0  indicate_semi.o(.text)
    _btod_d2e                                0x0800141f   Thumb Code    62  btod.o(CL$$btod_d2e)
    _d2e_denorm_low                          0x0800145d   Thumb Code    70  btod.o(CL$$btod_d2e_denorm_low)
    _d2e_norm_op1                            0x080014a3   Thumb Code    96  btod.o(CL$$btod_d2e_norm_op1)
    __btod_div_common                        0x08001503   Thumb Code   696  btod.o(CL$$btod_div_common)
    _e2e                                     0x0800183b   Thumb Code   220  btod.o(CL$$btod_e2e)
    _btod_ediv                               0x08001917   Thumb Code    42  btod.o(CL$$btod_ediv)
    _btod_emul                               0x08001941   Thumb Code    42  btod.o(CL$$btod_emul)
    __btod_mult_common                       0x0800196b   Thumb Code   580  btod.o(CL$$btod_mult_common)
    ADC_Cmd                                  0x08001baf   Thumb Code    22  stm32f10x_adc.o(i.ADC_Cmd)
    ADC_DMACmd                               0x08001bc5   Thumb Code    22  stm32f10x_adc.o(i.ADC_DMACmd)
    ADC_GetCalibrationStatus                 0x08001bdb   Thumb Code    20  stm32f10x_adc.o(i.ADC_GetCalibrationStatus)
    ADC_GetResetCalibrationStatus            0x08001bef   Thumb Code    20  stm32f10x_adc.o(i.ADC_GetResetCalibrationStatus)
    ADC_Init                                 0x08001c05   Thumb Code    70  stm32f10x_adc.o(i.ADC_Init)
    ADC_RegularChannelConfig                 0x08001c55   Thumb Code   184  stm32f10x_adc.o(i.ADC_RegularChannelConfig)
    ADC_ResetCalibration                     0x08001d0d   Thumb Code    10  stm32f10x_adc.o(i.ADC_ResetCalibration)
    ADC_SoftwareStartConvCmd                 0x08001d17   Thumb Code    22  stm32f10x_adc.o(i.ADC_SoftwareStartConvCmd)
    ADC_StartCalibration                     0x08001d2d   Thumb Code    10  stm32f10x_adc.o(i.ADC_StartCalibration)
    AD_Init                                  0x08001d39   Thumb Code   240  ad.o(i.AD_Init)
    BKP_ReadBackupRegister                   0x08002259   Thumb Code    24  stm32f10x_bkp.o(i.BKP_ReadBackupRegister)
    BKP_WriteBackupRegister                  0x08002275   Thumb Code    22  stm32f10x_bkp.o(i.BKP_WriteBackupRegister)
    BusFault_Handler                         0x08002291   Thumb Code     4  stm32f10x_it.o(i.BusFault_Handler)
    DMA_Cmd                                  0x08002295   Thumb Code    24  stm32f10x_dma.o(i.DMA_Cmd)
    DMA_DeInit                               0x080022ad   Thumb Code   324  stm32f10x_dma.o(i.DMA_DeInit)
    DMA_Init                                 0x080023f9   Thumb Code    60  stm32f10x_dma.o(i.DMA_Init)
    DebugMon_Handler                         0x08002435   Thumb Code     2  stm32f10x_it.o(i.DebugMon_Handler)
    GPIO_Init                                0x08002437   Thumb Code   278  stm32f10x_gpio.o(i.GPIO_Init)
    GPIO_ResetBits                           0x0800254d   Thumb Code     4  stm32f10x_gpio.o(i.GPIO_ResetBits)
    GPIO_SetBits                             0x08002551   Thumb Code     4  stm32f10x_gpio.o(i.GPIO_SetBits)
    GPIO_WriteBit                            0x08002555   Thumb Code    10  stm32f10x_gpio.o(i.GPIO_WriteBit)
    HardFault_Handler                        0x0800255f   Thumb Code     4  stm32f10x_it.o(i.HardFault_Handler)
    I2C_AcknowledgeConfig                    0x08002563   Thumb Code    24  stm32f10x_i2c.o(i.I2C_AcknowledgeConfig)
    I2C_CheckEvent                           0x0800257b   Thumb Code    42  stm32f10x_i2c.o(i.I2C_CheckEvent)
    I2C_Cmd                                  0x080025a5   Thumb Code    24  stm32f10x_i2c.o(i.I2C_Cmd)
    I2C_GenerateSTART                        0x080025bd   Thumb Code    24  stm32f10x_i2c.o(i.I2C_GenerateSTART)
    I2C_GenerateSTOP                         0x080025d5   Thumb Code    24  stm32f10x_i2c.o(i.I2C_GenerateSTOP)
    I2C_Init                                 0x080025ed   Thumb Code   222  stm32f10x_i2c.o(i.I2C_Init)
    I2C_ReceiveData                          0x080026d9   Thumb Code     8  stm32f10x_i2c.o(i.I2C_ReceiveData)
    I2C_Send7bitAddress                      0x080026e1   Thumb Code    18  stm32f10x_i2c.o(i.I2C_Send7bitAddress)
    I2C_SendData                             0x080026f3   Thumb Code     4  stm32f10x_i2c.o(i.I2C_SendData)
    IWDG_Enable                              0x080026f9   Thumb Code    10  stm32f10x_iwdg.o(i.IWDG_Enable)
    IWDG_ReloadCounter                       0x08002709   Thumb Code    10  stm32f10x_iwdg.o(i.IWDG_ReloadCounter)
    IWDG_SetPrescaler                        0x08002719   Thumb Code     6  stm32f10x_iwdg.o(i.IWDG_SetPrescaler)
    IWDG_SetReload                           0x08002725   Thumb Code     6  stm32f10x_iwdg.o(i.IWDG_SetReload)
    IWDG_WriteAccessCmd                      0x08002731   Thumb Code     6  stm32f10x_iwdg.o(i.IWDG_WriteAccessCmd)
    LED1_OFF                                 0x0800273d   Thumb Code    12  led.o(i.LED1_OFF)
    LED1_ON                                  0x0800274d   Thumb Code    12  led.o(i.LED1_ON)
    LED_Init                                 0x0800275d   Thumb Code    46  led.o(i.LED_Init)
    Logger_Append                            0x08002791   Thumb Code   158  logger.o(i.Logger_Append)
    Logger_Format                            0x0800298d   Thumb Code    80  logger.o(i.Logger_Format)
    Logger_GetCapacity                       0x080029e9   Thumb Code     4  logger.o(i.Logger_GetCapacity)
    Logger_GetCount                          0x080029ed   Thumb Code     6  logger.o(i.Logger_GetCount)
    Logger_GetDeviceID                       0x080029f9   Thumb Code     6  logger.o(i.Logger_GetDeviceID)
    Logger_GetManufacturerID                 0x08002a05   Thumb Code     6  logger.o(i.Logger_GetManufacturerID)
    Logger_GetRemainingBytes                 0x08002a11   Thumb Code    12  logger.o(i.Logger_GetRemainingBytes)
    Logger_Init                              0x08002a21   Thumb Code   134  logger.o(i.Logger_Init)
    Logger_IsReady                           0x08002abd   Thumb Code     6  logger.o(i.Logger_IsReady)
    Logger_Read                              0x08002ac9   Thumb Code    52  logger.o(i.Logger_Read)
    MPU6050_GetData                          0x08002b41   Thumb Code   172  mpu6050.o(i.MPU6050_GetData)
    MPU6050_GetID                            0x08002bed   Thumb Code    10  mpu6050.o(i.MPU6050_GetID)
    MPU6050_Init                             0x08002bf9   Thumb Code   156  mpu6050.o(i.MPU6050_Init)
    MPU6050_ReadReg                          0x08002c9d   Thumb Code   138  mpu6050.o(i.MPU6050_ReadReg)
    MPU6050_WriteReg                         0x08002d59   Thumb Code    86  mpu6050.o(i.MPU6050_WriteReg)
    MemManage_Handler                        0x08002dbd   Thumb Code     4  stm32f10x_it.o(i.MemManage_Handler)
    MyRTC_GetTimestamp                       0x08002e5d   Thumb Code     8  myrtc.o(i.MyRTC_GetTimestamp)
    MyRTC_ReadTime                           0x08002e99   Thumb Code    16  myrtc.o(i.MyRTC_ReadTime)
    MyRTC_SetHMS                             0x08002ead   Thumb Code    44  myrtc.o(i.MyRTC_SetHMS)
    MyRTC_SetTime                            0x08002edd   Thumb Code    20  myrtc.o(i.MyRTC_SetTime)
    MyRTC_TimestampToTime                    0x08002fa1   Thumb Code    16  myrtc.o(i.MyRTC_TimestampToTime)
    MySPI_Init                               0x08002fb1   Thumb Code   172  myspi.o(i.MySPI_Init)
    MySPI_Start                              0x08003065   Thumb Code    10  myspi.o(i.MySPI_Start)
    MySPI_Stop                               0x0800306f   Thumb Code    10  myspi.o(i.MySPI_Stop)
    MySPI_SwapByte                           0x08003079   Thumb Code    50  myspi.o(i.MySPI_SwapByte)
    MySPI_W_SS                               0x080030b1   Thumb Code    16  myspi.o(i.MySPI_W_SS)
    NMI_Handler                              0x080030c5   Thumb Code     2  stm32f10x_it.o(i.NMI_Handler)
    NVIC_Init                                0x080030c9   Thumb Code   100  misc.o(i.NVIC_Init)
    NVIC_PriorityGroupConfig                 0x08003139   Thumb Code    10  misc.o(i.NVIC_PriorityGroupConfig)
    OLED_Clear                               0x08003175   Thumb Code    42  oled.o(i.OLED_Clear)
    OLED_I2C_Init                            0x080031a1   Thumb Code    76  oled.o(i.OLED_I2C_Init)
    OLED_I2C_SendByte                        0x080031f1   Thumb Code    88  oled.o(i.OLED_I2C_SendByte)
    OLED_I2C_Start                           0x0800324d   Thumb Code    48  oled.o(i.OLED_I2C_Start)
    OLED_I2C_Stop                            0x08003281   Thumb Code    36  oled.o(i.OLED_I2C_Stop)
    OLED_Init                                0x080032a9   Thumb Code   174  oled.o(i.OLED_Init)
    OLED_Pow                                 0x08003357   Thumb Code    20  oled.o(i.OLED_Pow)
    OLED_SetCursor                           0x0800336b   Thumb Code    34  oled.o(i.OLED_SetCursor)
    OLED_ShowChar                            0x0800338d   Thumb Code   110  oled.o(i.OLED_ShowChar)
    OLED_ShowNum                             0x08003401   Thumb Code    68  oled.o(i.OLED_ShowNum)
    OLED_ShowString                          0x08003445   Thumb Code    40  oled.o(i.OLED_ShowString)
    OLED_WriteCommand                        0x0800346d   Thumb Code    32  oled.o(i.OLED_WriteCommand)
    OLED_WriteData                           0x0800348d   Thumb Code    32  oled.o(i.OLED_WriteData)
    PWR_BackupAccessCmd                      0x080034ad   Thumb Code     6  stm32f10x_pwr.o(i.PWR_BackupAccessCmd)
    PendSV_Handler                           0x080034b9   Thumb Code     2  stm32f10x_it.o(i.PendSV_Handler)
    RCC_ADCCLKConfig                         0x080034bd   Thumb Code    18  stm32f10x_rcc.o(i.RCC_ADCCLKConfig)
    RCC_AHBPeriphClockCmd                    0x080034d5   Thumb Code    26  stm32f10x_rcc.o(i.RCC_AHBPeriphClockCmd)
    RCC_APB1PeriphClockCmd                   0x080034f5   Thumb Code    26  stm32f10x_rcc.o(i.RCC_APB1PeriphClockCmd)
    RCC_APB2PeriphClockCmd                   0x08003515   Thumb Code    26  stm32f10x_rcc.o(i.RCC_APB2PeriphClockCmd)
    RCC_ClearFlag                            0x08003535   Thumb Code    14  stm32f10x_rcc.o(i.RCC_ClearFlag)
    RCC_GetClocksFreq                        0x08003549   Thumb Code   192  stm32f10x_rcc.o(i.RCC_GetClocksFreq)
    RCC_GetFlagStatus                        0x0800361d   Thumb Code    56  stm32f10x_rcc.o(i.RCC_GetFlagStatus)
    RCC_LSICmd                               0x08003659   Thumb Code     6  stm32f10x_rcc.o(i.RCC_LSICmd)
    RCC_RTCCLKCmd                            0x08003665   Thumb Code     6  stm32f10x_rcc.o(i.RCC_RTCCLKCmd)
    RCC_RTCCLKConfig                         0x08003671   Thumb Code    12  stm32f10x_rcc.o(i.RCC_RTCCLKConfig)
    RTC_EnterConfigMode                      0x08003681   Thumb Code    14  stm32f10x_rtc.o(i.RTC_EnterConfigMode)
    RTC_ExitConfigMode                       0x08003695   Thumb Code    16  stm32f10x_rtc.o(i.RTC_ExitConfigMode)
    RTC_GetCounter                           0x080036a9   Thumb Code    16  stm32f10x_rtc.o(i.RTC_GetCounter)
    RTC_Init                                 0x080036bd   Thumb Code   124  myrtc.o(i.RTC_Init)
    RTC_SetCounter                           0x08003739   Thumb Code    24  stm32f10x_rtc.o(i.RTC_SetCounter)
    RTC_SetPrescaler                         0x08003755   Thumb Code    26  stm32f10x_rtc.o(i.RTC_SetPrescaler)
    RTC_WaitForLastTask                      0x08003775   Thumb Code    16  stm32f10x_rtc.o(i.RTC_WaitForLastTask)
    RTC_WaitForSynchro                       0x08003789   Thumb Code    30  stm32f10x_rtc.o(i.RTC_WaitForSynchro)
    SPI_Cmd                                  0x080037ad   Thumb Code    24  stm32f10x_spi.o(i.SPI_Cmd)
    SPI_I2S_GetFlagStatus                    0x080037c5   Thumb Code    18  stm32f10x_spi.o(i.SPI_I2S_GetFlagStatus)
    SPI_I2S_ReceiveData                      0x080037d7   Thumb Code     6  stm32f10x_spi.o(i.SPI_I2S_ReceiveData)
    SPI_I2S_SendData                         0x080037dd   Thumb Code     4  stm32f10x_spi.o(i.SPI_I2S_SendData)
    SPI_Init                                 0x080037e1   Thumb Code    60  stm32f10x_spi.o(i.SPI_Init)
    SVC_Handler                              0x0800381d   Thumb Code     2  stm32f10x_it.o(i.SVC_Handler)
    Serial_ConsumeActivity                   0x08003821   Thumb Code    12  serial.o(i.Serial_ConsumeActivity)
    Serial_GetLine                           0x08003831   Thumb Code    82  serial.o(i.Serial_GetLine)
    Serial_GetOverflowFlag                   0x08003891   Thumb Code    12  serial.o(i.Serial_GetOverflowFlag)
    Serial_Init                              0x080038a1   Thumb Code   176  serial.o(i.Serial_Init)
    Serial_Printf                            0x08003979   Thumb Code    42  serial.o(i.Serial_Printf)
    Serial_SendByte                          0x080039a5   Thumb Code    28  serial.o(i.Serial_SendByte)
    Serial_SendNumber                        0x080039c5   Thumb Code    58  serial.o(i.Serial_SendNumber)
    Serial_SendString                        0x080039ff   Thumb Code    22  serial.o(i.Serial_SendString)
    Shell_Init                               0x08003cc1   Thumb Code    16  shell.o(i.Shell_Init)
    Shell_Poll                               0x08003e29   Thumb Code    42  shell.o(i.Shell_Poll)
    SysTick_Handler                          0x0800427f   Thumb Code     8  stm32f10x_it.o(i.SysTick_Handler)
    SystemCoreClockUpdate                    0x08004289   Thumb Code   142  system_stm32f10x.o(i.SystemCoreClockUpdate)
    SystemInit                               0x0800432d   Thumb Code    78  system_stm32f10x.o(i.SystemInit)
    SystemTime_GetMillis                     0x0800438d   Thumb Code     6  systemtime.o(i.SystemTime_GetMillis)
    SystemTime_Init                          0x08004399   Thumb Code    78  systemtime.o(i.SystemTime_Init)
    SystemTime_IsDue                         0x080043f1   Thumb Code    42  systemtime.o(i.SystemTime_IsDue)
    SystemTime_TickISR                       0x0800441d   Thumb Code    12  systemtime.o(i.SystemTime_TickISR)
    USART1_IRQHandler                        0x0800442d   Thumb Code   124  serial.o(i.USART1_IRQHandler)
    USART_ClearITPendingBit                  0x080044c1   Thumb Code    30  stm32f10x_usart.o(i.USART_ClearITPendingBit)
    USART_Cmd                                0x080044df   Thumb Code    24  stm32f10x_usart.o(i.USART_Cmd)
    USART_GetFlagStatus                      0x080044f7   Thumb Code    26  stm32f10x_usart.o(i.USART_GetFlagStatus)
    USART_GetITStatus                        0x08004511   Thumb Code    84  stm32f10x_usart.o(i.USART_GetITStatus)
    USART_ITConfig                           0x08004565   Thumb Code    74  stm32f10x_usart.o(i.USART_ITConfig)
    USART_Init                               0x080045b1   Thumb Code   210  stm32f10x_usart.o(i.USART_Init)
    USART_ReceiveData                        0x08004689   Thumb Code    10  stm32f10x_usart.o(i.USART_ReceiveData)
    USART_SendData                           0x08004693   Thumb Code     8  stm32f10x_usart.o(i.USART_SendData)
    UsageFault_Handler                       0x0800469b   Thumb Code     4  stm32f10x_it.o(i.UsageFault_Handler)
    W25Q64_Init                              0x0800469f   Thumb Code     8  w25q64.o(i.W25Q64_Init)
    W25Q64_PageProgram                       0x080046a7   Thumb Code    56  w25q64.o(i.W25Q64_PageProgram)
    W25Q64_ReadData                          0x0800472b   Thumb Code    68  w25q64.o(i.W25Q64_ReadData)
    W25Q64_ReadID                            0x0800476f   Thumb Code    52  w25q64.o(i.W25Q64_ReadID)
    W25Q64_SectorErase                       0x080047a3   Thumb Code    50  w25q64.o(i.W25Q64_SectorErase)
    Watchdog_Feed                            0x0800481f   Thumb Code     8  watchdog.o(i.Watchdog_Feed)
    Watchdog_Init                            0x08004829   Thumb Code    56  watchdog.o(i.Watchdog_Init)
    Watchdog_WasReset                        0x08004865   Thumb Code     6  watchdog.o(i.Watchdog_WasReset)
    __ARM_fpclassify                         0x08004871   Thumb Code    40  fpclassify.o(i.__ARM_fpclassify)
    _is_digit                                0x08004899   Thumb Code    14  __printf_wp.o(i._is_digit)
    main                                     0x080048a9   Thumb Code   276  main.o(i.main)
    _get_lc_numeric                          0x08004ab5   Thumb Code    44  lc_numeric_c.o(locale$$code)
    _get_lc_ctype                            0x08004ae1   Thumb Code    44  lc_ctype_c.o(locale$$code)
    _printf_fp_dec                           0x08004b0d   Thumb Code     4  printf1.o(x$fpl$printf1)
    _printf_fp_hex                           0x08004b11   Thumb Code     4  printf2.o(x$fpl$printf2)
    __I$use$fp                               0x08004b14   Number         0  usenofp.o(x$fpl$usenofp)
    OLED_F8x16                               0x08004b20   Data        1520  oled.o(.constdata)
    Region$$Table$$Base                      0x08005220   Number         0  anon$$obj.o(Region$$Table)
    Region$$Table$$Limit                     0x08005240   Number         0  anon$$obj.o(Region$$Table)
    __ctype                                  0x08005269   Data           0  lc_ctype_c.o(locale$$data)
    SystemCoreClock                          0x20000000   Data           4  system_stm32f10x.o(.data)
    AHBPrescTable                            0x20000004   Data          16  system_stm32f10x.o(.data)
    MyRTC_Time                               0x20000028   Data          12  myrtc.o(.data)
    AD_Value                                 0x2000003a   Data           2  ad.o(.data)
    Serial_RxFlag                            0x2000003c   Data           1  serial.o(.data)
    Serial_RxPacket                          0x20000064   Data          96  serial.o(.bss)
    __libspace_start                         0x200000c4   Data          96  libspace.o(.bss)
    __temporary_stack_top$libspace           0x20000124   Data           0  libspace.o(.bss)



==============================================================================

Memory Map of the image

  Image Entry point : 0x080000ed

  Load Region LR_IROM1 (Base: 0x08000000, Size: 0x000053d0, Max: 0x00010000, ABSOLUTE)

    Execution Region ER_IROM1 (Exec base: 0x08000000, Load base: 0x08000000, Size: 0x0000536c, Max: 0x00010000, ABSOLUTE)

    Exec Addr    Load Addr    Size         Type   Attr      Idx    E Section Name        Object

    0x08000000   0x08000000   0x000000ec   Data   RO            3    RESET               startup_stm32f10x_md_1.o
    0x080000ec   0x080000ec   0x00000008   Code   RO         4134  * !!!main             c_w.l(__main.o)
    0x080000f4   0x080000f4   0x00000034   Code   RO         4455    !!!scatter          c_w.l(__scatter.o)
    0x08000128   0x08000128   0x0000001a   Code   RO         4457    !!handler_copy      c_w.l(__scatter_copy.o)
    0x08000142   0x08000142   0x00000002   PAD
    0x08000144   0x08000144   0x0000001c   Code   RO         4459    !!handler_zi        c_w.l(__scatter_zi.o)
    0x08000160   0x08000160   0x00000000   Code   RO         4220    .ARM.Collect$$_printf_percent$$00000000  c_w.l(_printf_percent.o)
    0x08000160   0x08000160   0x00000006   Code   RO         4209    .ARM.Collect$$_printf_percent$$00000001  c_w.l(_printf_n.o)
    0x08000166   0x08000166   0x00000006   Code   RO         4211    .ARM.Collect$$_printf_percent$$00000002  c_w.l(_printf_p.o)
    0x0800016c   0x0800016c   0x00000006   Code   RO         4216    .ARM.Collect$$_printf_percent$$00000003  c_w.l(_printf_f.o)
    0x08000172   0x08000172   0x00000006   Code   RO         4217    .ARM.Collect$$_printf_percent$$00000004  c_w.l(_printf_e.o)
    0x08000178   0x08000178   0x00000006   Code   RO         4218    .ARM.Collect$$_printf_percent$$00000005  c_w.l(_printf_g.o)
    0x0800017e   0x0800017e   0x00000006   Code   RO         4219    .ARM.Collect$$_printf_percent$$00000006  c_w.l(_printf_a.o)
    0x08000184   0x08000184   0x0000000a   Code   RO         4224    .ARM.Collect$$_printf_percent$$00000007  c_w.l(_printf_ll.o)
    0x0800018e   0x0800018e   0x00000006   Code   RO         4213    .ARM.Collect$$_printf_percent$$00000008  c_w.l(_printf_i.o)
    0x08000194   0x08000194   0x00000006   Code   RO         4214    .ARM.Collect$$_printf_percent$$00000009  c_w.l(_printf_d.o)
    0x0800019a   0x0800019a   0x00000006   Code   RO         4215    .ARM.Collect$$_printf_percent$$0000000A  c_w.l(_printf_u.o)
    0x080001a0   0x080001a0   0x00000006   Code   RO         4212    .ARM.Collect$$_printf_percent$$0000000B  c_w.l(_printf_o.o)
    0x080001a6   0x080001a6   0x00000006   Code   RO         4210    .ARM.Collect$$_printf_percent$$0000000C  c_w.l(_printf_x.o)
    0x080001ac   0x080001ac   0x00000006   Code   RO         4221    .ARM.Collect$$_printf_percent$$0000000D  c_w.l(_printf_lli.o)
    0x080001b2   0x080001b2   0x00000006   Code   RO         4222    .ARM.Collect$$_printf_percent$$0000000E  c_w.l(_printf_lld.o)
    0x080001b8   0x080001b8   0x00000006   Code   RO         4223    .ARM.Collect$$_printf_percent$$0000000F  c_w.l(_printf_llu.o)
    0x080001be   0x080001be   0x00000006   Code   RO         4228    .ARM.Collect$$_printf_percent$$00000010  c_w.l(_printf_llo.o)
    0x080001c4   0x080001c4   0x00000006   Code   RO         4229    .ARM.Collect$$_printf_percent$$00000011  c_w.l(_printf_llx.o)
    0x080001ca   0x080001ca   0x0000000a   Code   RO         4225    .ARM.Collect$$_printf_percent$$00000012  c_w.l(_printf_l.o)
    0x080001d4   0x080001d4   0x00000006   Code   RO         4207    .ARM.Collect$$_printf_percent$$00000013  c_w.l(_printf_c.o)
    0x080001da   0x080001da   0x00000006   Code   RO         4208    .ARM.Collect$$_printf_percent$$00000014  c_w.l(_printf_s.o)
    0x080001e0   0x080001e0   0x00000006   Code   RO         4226    .ARM.Collect$$_printf_percent$$00000015  c_w.l(_printf_lc.o)
    0x080001e6   0x080001e6   0x00000006   Code   RO         4227    .ARM.Collect$$_printf_percent$$00000016  c_w.l(_printf_ls.o)
    0x080001ec   0x080001ec   0x00000004   Code   RO         4268    .ARM.Collect$$_printf_percent$$00000017  c_w.l(_printf_percent_end.o)
    0x080001f0   0x080001f0   0x00000002   Code   RO         4317    .ARM.Collect$$libinit$$00000000  c_w.l(libinit.o)
    0x080001f2   0x080001f2   0x00000000   Code   RO         4332    .ARM.Collect$$libinit$$00000002  c_w.l(libinit2.o)
    0x080001f2   0x080001f2   0x00000000   Code   RO         4334    .ARM.Collect$$libinit$$00000004  c_w.l(libinit2.o)
    0x080001f2   0x080001f2   0x00000000   Code   RO         4337    .ARM.Collect$$libinit$$0000000A  c_w.l(libinit2.o)
    0x080001f2   0x080001f2   0x00000000   Code   RO         4339    .ARM.Collect$$libinit$$0000000C  c_w.l(libinit2.o)
    0x080001f2   0x080001f2   0x00000000   Code   RO         4341    .ARM.Collect$$libinit$$0000000E  c_w.l(libinit2.o)
    0x080001f2   0x080001f2   0x00000006   Code   RO         4342    .ARM.Collect$$libinit$$0000000F  c_w.l(libinit2.o)
    0x080001f8   0x080001f8   0x00000000   Code   RO         4344    .ARM.Collect$$libinit$$00000011  c_w.l(libinit2.o)
    0x080001f8   0x080001f8   0x0000000c   Code   RO         4345    .ARM.Collect$$libinit$$00000012  c_w.l(libinit2.o)
    0x08000204   0x08000204   0x00000000   Code   RO         4346    .ARM.Collect$$libinit$$00000013  c_w.l(libinit2.o)
    0x08000204   0x08000204   0x00000000   Code   RO         4348    .ARM.Collect$$libinit$$00000015  c_w.l(libinit2.o)
    0x08000204   0x08000204   0x0000000a   Code   RO         4349    .ARM.Collect$$libinit$$00000016  c_w.l(libinit2.o)
    0x0800020e   0x0800020e   0x00000000   Code   RO         4350    .ARM.Collect$$libinit$$00000017  c_w.l(libinit2.o)
    0x0800020e   0x0800020e   0x00000000   Code   RO         4352    .ARM.Collect$$libinit$$00000019  c_w.l(libinit2.o)
    0x0800020e   0x0800020e   0x00000000   Code   RO         4354    .ARM.Collect$$libinit$$0000001B  c_w.l(libinit2.o)
    0x0800020e   0x0800020e   0x00000000   Code   RO         4356    .ARM.Collect$$libinit$$0000001D  c_w.l(libinit2.o)
    0x0800020e   0x0800020e   0x00000000   Code   RO         4358    .ARM.Collect$$libinit$$0000001F  c_w.l(libinit2.o)
    0x0800020e   0x0800020e   0x00000000   Code   RO         4360    .ARM.Collect$$libinit$$00000021  c_w.l(libinit2.o)
    0x0800020e   0x0800020e   0x00000000   Code   RO         4362    .ARM.Collect$$libinit$$00000023  c_w.l(libinit2.o)
    0x0800020e   0x0800020e   0x00000000   Code   RO         4364    .ARM.Collect$$libinit$$00000025  c_w.l(libinit2.o)
    0x0800020e   0x0800020e   0x00000000   Code   RO         4368    .ARM.Collect$$libinit$$0000002C  c_w.l(libinit2.o)
    0x0800020e   0x0800020e   0x00000000   Code   RO         4370    .ARM.Collect$$libinit$$0000002E  c_w.l(libinit2.o)
    0x0800020e   0x0800020e   0x00000000   Code   RO         4372    .ARM.Collect$$libinit$$00000030  c_w.l(libinit2.o)
    0x0800020e   0x0800020e   0x00000000   Code   RO         4374    .ARM.Collect$$libinit$$00000032  c_w.l(libinit2.o)
    0x0800020e   0x0800020e   0x00000002   Code   RO         4375    .ARM.Collect$$libinit$$00000033  c_w.l(libinit2.o)
    0x08000210   0x08000210   0x00000002   Code   RO         4395    .ARM.Collect$$libshutdown$$00000000  c_w.l(libshutdown.o)
    0x08000212   0x08000212   0x00000000   Code   RO         4408    .ARM.Collect$$libshutdown$$00000002  c_w.l(libshutdown2.o)
    0x08000212   0x08000212   0x00000000   Code   RO         4410    .ARM.Collect$$libshutdown$$00000004  c_w.l(libshutdown2.o)
    0x08000212   0x08000212   0x00000000   Code   RO         4413    .ARM.Collect$$libshutdown$$00000007  c_w.l(libshutdown2.o)
    0x08000212   0x08000212   0x00000000   Code   RO         4416    .ARM.Collect$$libshutdown$$0000000A  c_w.l(libshutdown2.o)
    0x08000212   0x08000212   0x00000000   Code   RO         4418    .ARM.Collect$$libshutdown$$0000000C  c_w.l(libshutdown2.o)
    0x08000212   0x08000212   0x00000000   Code   RO         4421    .ARM.Collect$$libshutdown$$0000000F  c_w.l(libshutdown2.o)
    0x08000212   0x08000212   0x00000002   Code   RO         4422    .ARM.Collect$$libshutdown$$00000010  c_w.l(libshutdown2.o)
    0x08000214   0x08000214   0x00000000   Code   RO         4136    .ARM.Collect$$rtentry$$00000000  c_w.l(__rtentry.o)
    0x08000214   0x08000214   0x00000000   Code   RO         4239    .ARM.Collect$$rtentry$$00000002  c_w.l(__rtentry2.o)
    0x08000214   0x08000214   0x00000006   Code   RO         4251    .ARM.Collect$$rtentry$$00000004  c_w.l(__rtentry4.o)
    0x0800021a   0x0800021a   0x00000000   Code   RO         4241    .ARM.Collect$$rtentry$$00000009  c_w.l(__rtentry2.o)
    0x0800021a   0x0800021a   0x00000004   Code   RO         4242    .ARM.Collect$$rtentry$$0000000A  c_w.l(__rtentry2.o)
    0x0800021e   0x0800021e   0x00000000   Code   RO         4244    .ARM.Collect$$rtentry$$0000000C  c_w.l(__rtentry2.o)
    0x0800021e   0x0800021e   0x00000008   Code   RO         4245    .ARM.Collect$$rtentry$$0000000D  c_w.l(__rtentry2.o)
    0x08000226   0x08000226   0x00000002   Code   RO         4326    .ARM.Collect$$rtexit$$00000000  c_w.l(rtexit.o)
    0x08000228   0x08000228   0x00000000   Code   RO         4377    .ARM.Collect$$rtexit$$00000002  c_w.l(rtexit2.o)
    0x08000228   0x08000228   0x00000004   Code   RO         4378    .ARM.Collect$$rtexit$$00000003  c_w.l(rtexit2.o)
    0x0800022c   0x0800022c   0x00000006   Code   RO         4379    .ARM.Collect$$rtexit$$00000004  c_w.l(rtexit2.o)
    0x08000232   0x08000232   0x00000002   PAD
    0x08000234   0x08000234   0x00000040   Code   RO            4    .text               startup_stm32f10x_md_1.o
    0x08000274   0x08000274   0x00000034   Code   RO         4126    .text               c_w.l(vsnprintf.o)
    0x080002a8   0x080002a8   0x00000096   Code   RO         4128    .text               c_w.l(strncmp.o)
    0x0800033e   0x0800033e   0x00000002   PAD
    0x08000340   0x08000340   0x00000080   Code   RO         4130    .text               c_w.l(strcmpv7m.o)
    0x080003c0   0x080003c0   0x00000006   Code   RO         4132    .text               c_w.l(heapauxi.o)
    0x080003c6   0x080003c6   0x0000004e   Code   RO         4139    .text               c_w.l(_printf_pad.o)
    0x08000414   0x08000414   0x00000024   Code   RO         4141    .text               c_w.l(_printf_truncate.o)
    0x08000438   0x08000438   0x00000052   Code   RO         4143    .text               c_w.l(_printf_str.o)
    0x0800048a   0x0800048a   0x00000002   PAD
    0x0800048c   0x0800048c   0x00000078   Code   RO         4145    .text               c_w.l(_printf_dec.o)
    0x08000504   0x08000504   0x00000028   Code   RO         4147    .text               c_w.l(_printf_charcount.o)
    0x0800052c   0x0800052c   0x00000030   Code   RO         4149    .text               c_w.l(_printf_char_common.o)
    0x0800055c   0x0800055c   0x0000000a   Code   RO         4151    .text               c_w.l(_sputc.o)
    0x08000566   0x08000566   0x00000010   Code   RO         4153    .text               c_w.l(_snputc.o)
    0x08000576   0x08000576   0x00000002   PAD
    0x08000578   0x08000578   0x000000bc   Code   RO         4155    .text               c_w.l(_printf_wctomb.o)
    0x08000634   0x08000634   0x0000007c   Code   RO         4158    .text               c_w.l(_printf_longlong_dec.o)
    0x080006b0   0x080006b0   0x00000070   Code   RO         4164    .text               c_w.l(_printf_oct_int_ll.o)
    0x08000720   0x08000720   0x00000094   Code   RO         4184    .text               c_w.l(_printf_hex_int_ll_ptr.o)
    0x080007b4   0x080007b4   0x00000188   Code   RO         4204    .text               c_w.l(__printf_flags_ss_wp.o)
    0x0800093c   0x0800093c   0x0000008a   Code   RO         4253    .text               c_w.l(lludiv10.o)
    0x080009c6   0x080009c6   0x000000b2   Code   RO         4255    .text               c_w.l(_printf_intcommon.o)
    0x08000a78   0x08000a78   0x0000041e   Code   RO         4257    .text               c_w.l(_printf_fp_dec.o)
    0x08000e96   0x08000e96   0x00000002   PAD
    0x08000e98   0x08000e98   0x000002fc   Code   RO         4259    .text               c_w.l(_printf_fp_hex.o)
    0x08001194   0x08001194   0x0000002c   Code   RO         4264    .text               c_w.l(_printf_char.o)
    0x080011c0   0x080011c0   0x0000002c   Code   RO         4266    .text               c_w.l(_printf_wchar.o)
    0x080011ec   0x080011ec   0x00000040   Code   RO         4269    .text               c_w.l(_wcrtomb.o)
    0x0800122c   0x0800122c   0x0000004a   Code   RO         4271    .text               c_w.l(sys_stackheap_outer.o)
    0x08001276   0x08001276   0x00000002   PAD
    0x08001278   0x08001278   0x00000010   Code   RO         4273    .text               c_w.l(rt_ctype_table.o)
    0x08001288   0x08001288   0x00000008   Code   RO         4278    .text               c_w.l(rt_locale_intlibspace.o)
    0x08001290   0x08001290   0x00000080   Code   RO         4280    .text               c_w.l(_printf_fp_infnan.o)
    0x08001310   0x08001310   0x000000e4   Code   RO         4282    .text               c_w.l(bigflt0.o)
    0x080013f4   0x080013f4   0x00000012   Code   RO         4310    .text               c_w.l(exit.o)
    0x08001406   0x08001406   0x00000002   PAD
    0x08001408   0x08001408   0x00000008   Code   RO         4323    .text               c_w.l(libspace.o)
    0x08001410   0x08001410   0x0000000c   Code   RO         4387    .text               c_w.l(sys_exit.o)
    0x0800141c   0x0800141c   0x00000002   Code   RO         4398    .text               c_w.l(use_no_semi.o)
    0x0800141e   0x0800141e   0x00000000   Code   RO         4400    .text               c_w.l(indicate_semi.o)
    0x0800141e   0x0800141e   0x0000003e   Code   RO         4285    CL$$btod_d2e        c_w.l(btod.o)
    0x0800145c   0x0800145c   0x00000046   Code   RO         4287    CL$$btod_d2e_denorm_low  c_w.l(btod.o)
    0x080014a2   0x080014a2   0x00000060   Code   RO         4286    CL$$btod_d2e_norm_op1  c_w.l(btod.o)
    0x08001502   0x08001502   0x00000338   Code   RO         4295    CL$$btod_div_common  c_w.l(btod.o)
    0x0800183a   0x0800183a   0x000000dc   Code   RO         4292    CL$$btod_e2e        c_w.l(btod.o)
    0x08001916   0x08001916   0x0000002a   Code   RO         4289    CL$$btod_ediv       c_w.l(btod.o)
    0x08001940   0x08001940   0x0000002a   Code   RO         4288    CL$$btod_emul       c_w.l(btod.o)
    0x0800196a   0x0800196a   0x00000244   Code   RO         4294    CL$$btod_mult_common  c_w.l(btod.o)
    0x08001bae   0x08001bae   0x00000016   Code   RO          202    i.ADC_Cmd           stm32f10x_adc.o
    0x08001bc4   0x08001bc4   0x00000016   Code   RO          203    i.ADC_DMACmd        stm32f10x_adc.o
    0x08001bda   0x08001bda   0x00000014   Code   RO          210    i.ADC_GetCalibrationStatus  stm32f10x_adc.o
    0x08001bee   0x08001bee   0x00000014   Code   RO          216    i.ADC_GetResetCalibrationStatus  stm32f10x_adc.o
    0x08001c02   0x08001c02   0x00000002   PAD
    0x08001c04   0x08001c04   0x00000050   Code   RO          220    i.ADC_Init          stm32f10x_adc.o
    0x08001c54   0x08001c54   0x000000b8   Code   RO          224    i.ADC_RegularChannelConfig  stm32f10x_adc.o
    0x08001d0c   0x08001d0c   0x0000000a   Code   RO          225    i.ADC_ResetCalibration  stm32f10x_adc.o
    0x08001d16   0x08001d16   0x00000016   Code   RO          227    i.ADC_SoftwareStartConvCmd  stm32f10x_adc.o
    0x08001d2c   0x08001d2c   0x0000000a   Code   RO          229    i.ADC_StartCalibration  stm32f10x_adc.o
    0x08001d36   0x08001d36   0x00000002   PAD
    0x08001d38   0x08001d38   0x00000100   Code   RO         3575    i.AD_Init           ad.o
    0x08001e38   0x08001e38   0x0000000e   Code   RO         3797    i.App_AbsI16        main.o
    0x08001e46   0x08001e46   0x00000002   PAD
    0x08001e48   0x08001e48   0x0000001c   Code   RO         3798    i.App_LightPercent  main.o
    0x08001e64   0x08001e64   0x00000068   Code   RO         3799    i.App_PrintCurrentTime  main.o
    0x08001ecc   0x08001ecc   0x000000ec   Code   RO         3800    i.App_ReportAlarm   main.o
    0x08001fb8   0x08001fb8   0x00000180   Code   RO         3801    i.App_UpdateDisplay  main.o
    0x08002138   0x08002138   0x00000120   Code   RO         3802    i.App_UpdateMotion  main.o
    0x08002258   0x08002258   0x0000001c   Code   RO          431    i.BKP_ReadBackupRegister  stm32f10x_bkp.o
    0x08002274   0x08002274   0x0000001c   Code   RO          435    i.BKP_WriteBackupRegister  stm32f10x_bkp.o
    0x08002290   0x08002290   0x00000004   Code   RO         4061    i.BusFault_Handler  stm32f10x_it.o
    0x08002294   0x08002294   0x00000018   Code   RO          911    i.DMA_Cmd           stm32f10x_dma.o
    0x080022ac   0x080022ac   0x0000014c   Code   RO          912    i.DMA_DeInit        stm32f10x_dma.o
    0x080023f8   0x080023f8   0x0000003c   Code   RO          917    i.DMA_Init          stm32f10x_dma.o
    0x08002434   0x08002434   0x00000002   Code   RO         4062    i.DebugMon_Handler  stm32f10x_it.o
    0x08002436   0x08002436   0x00000116   Code   RO         1347    i.GPIO_Init         stm32f10x_gpio.o
    0x0800254c   0x0800254c   0x00000004   Code   RO         1354    i.GPIO_ResetBits    stm32f10x_gpio.o
    0x08002550   0x08002550   0x00000004   Code   RO         1355    i.GPIO_SetBits      stm32f10x_gpio.o
    0x08002554   0x08002554   0x0000000a   Code   RO         1358    i.GPIO_WriteBit     stm32f10x_gpio.o
    0x0800255e   0x0800255e   0x00000004   Code   RO         4063    i.HardFault_Handler  stm32f10x_it.o
    0x08002562   0x08002562   0x00000018   Code   RO         1459    i.I2C_AcknowledgeConfig  stm32f10x_i2c.o
    0x0800257a   0x0800257a   0x0000002a   Code   RO         1461    i.I2C_CheckEvent    stm32f10x_i2c.o
    0x080025a4   0x080025a4   0x00000018   Code   RO         1464    i.I2C_Cmd           stm32f10x_i2c.o
    0x080025bc   0x080025bc   0x00000018   Code   RO         1471    i.I2C_GenerateSTART  stm32f10x_i2c.o
    0x080025d4   0x080025d4   0x00000018   Code   RO         1472    i.I2C_GenerateSTOP  stm32f10x_i2c.o
    0x080025ec   0x080025ec   0x000000ec   Code   RO         1478    i.I2C_Init          stm32f10x_i2c.o
    0x080026d8   0x080026d8   0x00000008   Code   RO         1483    i.I2C_ReceiveData   stm32f10x_i2c.o
    0x080026e0   0x080026e0   0x00000012   Code   RO         1485    i.I2C_Send7bitAddress  stm32f10x_i2c.o
    0x080026f2   0x080026f2   0x00000004   Code   RO         1486    i.I2C_SendData      stm32f10x_i2c.o
    0x080026f6   0x080026f6   0x00000002   PAD
    0x080026f8   0x080026f8   0x00000010   Code   RO         1665    i.IWDG_Enable       stm32f10x_iwdg.o
    0x08002708   0x08002708   0x00000010   Code   RO         1667    i.IWDG_ReloadCounter  stm32f10x_iwdg.o
    0x08002718   0x08002718   0x0000000c   Code   RO         1668    i.IWDG_SetPrescaler  stm32f10x_iwdg.o
    0x08002724   0x08002724   0x0000000c   Code   RO         1669    i.IWDG_SetReload    stm32f10x_iwdg.o
    0x08002730   0x08002730   0x0000000c   Code   RO         1670    i.IWDG_WriteAccessCmd  stm32f10x_iwdg.o
    0x0800273c   0x0800273c   0x00000010   Code   RO         3398    i.LED1_OFF          led.o
    0x0800274c   0x0800274c   0x00000010   Code   RO         3399    i.LED1_ON           led.o
    0x0800275c   0x0800275c   0x00000034   Code   RO         3404    i.LED_Init          led.o
    0x08002790   0x08002790   0x000000ac   Code   RO         3878    i.Logger_Append     logger.o
    0x0800283c   0x0800283c   0x00000044   Code   RO         3879    i.Logger_CRC16      logger.o
    0x08002880   0x08002880   0x00000084   Code   RO         3880    i.Logger_Decode     logger.o
    0x08002904   0x08002904   0x00000088   Code   RO         3881    i.Logger_Encode     logger.o
    0x0800298c   0x0800298c   0x0000005c   Code   RO         3882    i.Logger_Format     logger.o
    0x080029e8   0x080029e8   0x00000004   Code   RO         3883    i.Logger_GetCapacity  logger.o
    0x080029ec   0x080029ec   0x0000000c   Code   RO         3884    i.Logger_GetCount   logger.o
    0x080029f8   0x080029f8   0x0000000c   Code   RO         3885    i.Logger_GetDeviceID  logger.o
    0x08002a04   0x08002a04   0x0000000c   Code   RO         3886    i.Logger_GetManufacturerID  logger.o
    0x08002a10   0x08002a10   0x00000010   Code   RO         3887    i.Logger_GetRemainingBytes  logger.o
    0x08002a20   0x08002a20   0x0000009c   Code   RO         3888    i.Logger_Init       logger.o
    0x08002abc   0x08002abc   0x0000000c   Code   RO         3889    i.Logger_IsReady    logger.o
    0x08002ac8   0x08002ac8   0x0000003c   Code   RO         3890    i.Logger_Read       logger.o
    0x08002b04   0x08002b04   0x0000000c   Code   RO         3891    i.Logger_ReadU16    logger.o
    0x08002b10   0x08002b10   0x00000018   Code   RO         3892    i.Logger_ReadU32    logger.o
    0x08002b28   0x08002b28   0x00000008   Code   RO         3893    i.Logger_WriteU16   logger.o
    0x08002b30   0x08002b30   0x00000010   Code   RO         3894    i.Logger_WriteU32   logger.o
    0x08002b40   0x08002b40   0x000000ac   Code   RO         3593    i.MPU6050_GetData   mpu6050.o
    0x08002bec   0x08002bec   0x0000000a   Code   RO         3594    i.MPU6050_GetID     mpu6050.o
    0x08002bf6   0x08002bf6   0x00000002   PAD
    0x08002bf8   0x08002bf8   0x000000a4   Code   RO         3595    i.MPU6050_Init      mpu6050.o
    0x08002c9c   0x08002c9c   0x00000098   Code   RO         3596    i.MPU6050_ReadReg   mpu6050.o
    0x08002d34   0x08002d34   0x00000022   Code   RO         3597    i.MPU6050_WaitEvent  mpu6050.o
    0x08002d56   0x08002d56   0x00000002   PAD
    0x08002d58   0x08002d58   0x00000064   Code   RO         3598    i.MPU6050_WriteReg  mpu6050.o
    0x08002dbc   0x08002dbc   0x00000004   Code   RO         4064    i.MemManage_Handler  stm32f10x_it.o
    0x08002dc0   0x08002dc0   0x00000078   Code   RO         3220    i.MyRTC_CalendarToTimestamp  myrtc.o
    0x08002e38   0x08002e38   0x00000024   Code   RO         3221    i.MyRTC_DaysInMonth  myrtc.o
    0x08002e5c   0x08002e5c   0x00000008   Code   RO         3222    i.MyRTC_GetTimestamp  myrtc.o
    0x08002e64   0x08002e64   0x00000032   Code   RO         3223    i.MyRTC_IsLeapYear  myrtc.o
    0x08002e96   0x08002e96   0x00000002   PAD
    0x08002e98   0x08002e98   0x00000014   Code   RO         3224    i.MyRTC_ReadTime    myrtc.o
    0x08002eac   0x08002eac   0x00000030   Code   RO         3225    i.MyRTC_SetHMS      myrtc.o
    0x08002edc   0x08002edc   0x00000018   Code   RO         3226    i.MyRTC_SetTime     myrtc.o
    0x08002ef4   0x08002ef4   0x000000ac   Code   RO         3227    i.MyRTC_TimestampToCalendar  myrtc.o
    0x08002fa0   0x08002fa0   0x00000010   Code   RO         3228    i.MyRTC_TimestampToTime  myrtc.o
    0x08002fb0   0x08002fb0   0x000000b4   Code   RO         3289    i.MySPI_Init        myspi.o
    0x08003064   0x08003064   0x0000000a   Code   RO         3290    i.MySPI_Start       myspi.o
    0x0800306e   0x0800306e   0x0000000a   Code   RO         3291    i.MySPI_Stop        myspi.o
    0x08003078   0x08003078   0x00000038   Code   RO         3292    i.MySPI_SwapByte    myspi.o
    0x080030b0   0x080030b0   0x00000014   Code   RO         3293    i.MySPI_W_SS        myspi.o
    0x080030c4   0x080030c4   0x00000002   Code   RO         4065    i.NMI_Handler       stm32f10x_it.o
    0x080030c6   0x080030c6   0x00000002   PAD
    0x080030c8   0x080030c8   0x00000070   Code   RO          137    i.NVIC_Init         misc.o
    0x08003138   0x08003138   0x00000014   Code   RO          138    i.NVIC_PriorityGroupConfig  misc.o
    0x0800314c   0x0800314c   0x00000028   Code   RO         3325    i.NVIC_SetPriority  systemtime.o
    0x08003174   0x08003174   0x0000002a   Code   RO         3467    i.OLED_Clear        oled.o
    0x0800319e   0x0800319e   0x00000002   PAD
    0x080031a0   0x080031a0   0x00000050   Code   RO         3468    i.OLED_I2C_Init     oled.o
    0x080031f0   0x080031f0   0x0000005c   Code   RO         3469    i.OLED_I2C_SendByte  oled.o
    0x0800324c   0x0800324c   0x00000034   Code   RO         3470    i.OLED_I2C_Start    oled.o
    0x08003280   0x08003280   0x00000028   Code   RO         3471    i.OLED_I2C_Stop     oled.o
    0x080032a8   0x080032a8   0x000000ae   Code   RO         3472    i.OLED_Init         oled.o
    0x08003356   0x08003356   0x00000014   Code   RO         3473    i.OLED_Pow          oled.o
    0x0800336a   0x0800336a   0x00000022   Code   RO         3474    i.OLED_SetCursor    oled.o
    0x0800338c   0x0800338c   0x00000074   Code   RO         3476    i.OLED_ShowChar     oled.o
    0x08003400   0x08003400   0x00000044   Code   RO         3478    i.OLED_ShowNum      oled.o
    0x08003444   0x08003444   0x00000028   Code   RO         3480    i.OLED_ShowString   oled.o
    0x0800346c   0x0800346c   0x00000020   Code   RO         3481    i.OLED_WriteCommand  oled.o
    0x0800348c   0x0800348c   0x00000020   Code   RO         3482    i.OLED_WriteData    oled.o
    0x080034ac   0x080034ac   0x0000000c   Code   RO         1710    i.PWR_BackupAccessCmd  stm32f10x_pwr.o
    0x080034b8   0x080034b8   0x00000002   Code   RO         4066    i.PendSV_Handler    stm32f10x_it.o
    0x080034ba   0x080034ba   0x00000002   PAD
    0x080034bc   0x080034bc   0x00000018   Code   RO         1773    i.RCC_ADCCLKConfig  stm32f10x_rcc.o
    0x080034d4   0x080034d4   0x00000020   Code   RO         1774    i.RCC_AHBPeriphClockCmd  stm32f10x_rcc.o
    0x080034f4   0x080034f4   0x00000020   Code   RO         1775    i.RCC_APB1PeriphClockCmd  stm32f10x_rcc.o
    0x08003514   0x08003514   0x00000020   Code   RO         1777    i.RCC_APB2PeriphClockCmd  stm32f10x_rcc.o
    0x08003534   0x08003534   0x00000014   Code   RO         1781    i.RCC_ClearFlag     stm32f10x_rcc.o
    0x08003548   0x08003548   0x000000d4   Code   RO         1785    i.RCC_GetClocksFreq  stm32f10x_rcc.o
    0x0800361c   0x0800361c   0x0000003c   Code   RO         1786    i.RCC_GetFlagStatus  stm32f10x_rcc.o
    0x08003658   0x08003658   0x0000000c   Code   RO         1794    i.RCC_LSICmd        stm32f10x_rcc.o
    0x08003664   0x08003664   0x0000000c   Code   RO         1800    i.RCC_RTCCLKCmd     stm32f10x_rcc.o
    0x08003670   0x08003670   0x00000010   Code   RO         1801    i.RCC_RTCCLKConfig  stm32f10x_rcc.o
    0x08003680   0x08003680   0x00000014   Code   RO         1978    i.RTC_EnterConfigMode  stm32f10x_rtc.o
    0x08003694   0x08003694   0x00000014   Code   RO         1979    i.RTC_ExitConfigMode  stm32f10x_rtc.o
    0x080036a8   0x080036a8   0x00000014   Code   RO         1980    i.RTC_GetCounter    stm32f10x_rtc.o
    0x080036bc   0x080036bc   0x0000007c   Code   RO         3229    i.RTC_Init          myrtc.o
    0x08003738   0x08003738   0x0000001c   Code   RO         1986    i.RTC_SetCounter    stm32f10x_rtc.o
    0x08003754   0x08003754   0x00000020   Code   RO         1987    i.RTC_SetPrescaler  stm32f10x_rtc.o
    0x08003774   0x08003774   0x00000014   Code   RO         1988    i.RTC_WaitForLastTask  stm32f10x_rtc.o
    0x08003788   0x08003788   0x00000024   Code   RO         1989    i.RTC_WaitForSynchro  stm32f10x_rtc.o
    0x080037ac   0x080037ac   0x00000018   Code   RO         2263    i.SPI_Cmd           stm32f10x_spi.o
    0x080037c4   0x080037c4   0x00000012   Code   RO         2271    i.SPI_I2S_GetFlagStatus  stm32f10x_spi.o
    0x080037d6   0x080037d6   0x00000006   Code   RO         2274    i.SPI_I2S_ReceiveData  stm32f10x_spi.o
    0x080037dc   0x080037dc   0x00000004   Code   RO         2275    i.SPI_I2S_SendData  stm32f10x_spi.o
    0x080037e0   0x080037e0   0x0000003c   Code   RO         2276    i.SPI_Init          stm32f10x_spi.o
    0x0800381c   0x0800381c   0x00000002   Code   RO         4067    i.SVC_Handler       stm32f10x_it.o
    0x0800381e   0x0800381e   0x00000002   PAD
    0x08003820   0x08003820   0x00000010   Code   RO         3700    i.Serial_ConsumeActivity  serial.o
    0x08003830   0x08003830   0x00000060   Code   RO         3701    i.Serial_GetLine    serial.o
    0x08003890   0x08003890   0x00000010   Code   RO         3702    i.Serial_GetOverflowFlag  serial.o
    0x080038a0   0x080038a0   0x000000c4   Code   RO         3704    i.Serial_Init       serial.o
    0x08003964   0x08003964   0x00000014   Code   RO         3705    i.Serial_Pow        serial.o
    0x08003978   0x08003978   0x0000002a   Code   RO         3706    i.Serial_Printf     serial.o
    0x080039a2   0x080039a2   0x00000002   PAD
    0x080039a4   0x080039a4   0x00000020   Code   RO         3708    i.Serial_SendByte   serial.o
    0x080039c4   0x080039c4   0x0000003a   Code   RO         3709    i.Serial_SendNumber  serial.o
    0x080039fe   0x080039fe   0x00000016   Code   RO         3710    i.Serial_SendString  serial.o
    0x08003a14   0x08003a14   0x00000008   Code   RO           24    i.SetSysClock       system_stm32f10x.o
    0x08003a1c   0x08003a1c   0x000000e0   Code   RO           25    i.SetSysClockTo72   system_stm32f10x.o
    0x08003afc   0x08003afc   0x0000001c   Code   RO         3984    i.Shell_CommandGetRTC  shell.o
    0x08003b18   0x08003b18   0x00000084   Code   RO         3985    i.Shell_CommandReadLog  shell.o
    0x08003b9c   0x08003b9c   0x00000124   Code   RO         3986    i.Shell_CommandSysInfo  shell.o
    0x08003cc0   0x08003cc0   0x00000054   Code   RO         3987    i.Shell_Init        shell.o
    0x08003d14   0x08003d14   0x000000ce   Code   RO         3988    i.Shell_ParseTime   shell.o
    0x08003de2   0x08003de2   0x00000044   Code   RO         3989    i.Shell_ParseUInt   shell.o
    0x08003e26   0x08003e26   0x00000002   PAD
    0x08003e28   0x08003e28   0x00000050   Code   RO         3990    i.Shell_Poll        shell.o
    0x08003e78   0x08003e78   0x000000e8   Code   RO         3991    i.Shell_PrintRecord  shell.o
    0x08003f60   0x08003f60   0x00000054   Code   RO         3992    i.Shell_PrintTime   shell.o
    0x08003fb4   0x08003fb4   0x00000244   Code   RO         3993    i.Shell_ProcessLine  shell.o
    0x080041f8   0x080041f8   0x0000002c   Code   RO         3994    i.Shell_SendHex     shell.o
    0x08004224   0x08004224   0x0000001a   Code   RO         3995    i.Shell_SendInt     shell.o
    0x0800423e   0x0800423e   0x00000040   Code   RO         3996    i.Shell_SendUInt    shell.o
    0x0800427e   0x0800427e   0x00000008   Code   RO         4068    i.SysTick_Handler   stm32f10x_it.o
    0x08004286   0x08004286   0x00000002   PAD
    0x08004288   0x08004288   0x000000a4   Code   RO           26    i.SystemCoreClockUpdate  system_stm32f10x.o
    0x0800432c   0x0800432c   0x00000060   Code   RO           27    i.SystemInit        system_stm32f10x.o
    0x0800438c   0x0800438c   0x0000000c   Code   RO         3326    i.SystemTime_GetMillis  systemtime.o
    0x08004398   0x08004398   0x00000058   Code   RO         3327    i.SystemTime_Init   systemtime.o
    0x080043f0   0x080043f0   0x0000002a   Code   RO         3328    i.SystemTime_IsDue  systemtime.o
    0x0800441a   0x0800441a   0x00000002   PAD
    0x0800441c   0x0800441c   0x00000010   Code   RO         3329    i.SystemTime_TickISR  systemtime.o
    0x0800442c   0x0800442c   0x00000094   Code   RO         3711    i.USART1_IRQHandler  serial.o
    0x080044c0   0x080044c0   0x0000001e   Code   RO         2957    i.USART_ClearITPendingBit  stm32f10x_usart.o
    0x080044de   0x080044de   0x00000018   Code   RO         2960    i.USART_Cmd         stm32f10x_usart.o
    0x080044f6   0x080044f6   0x0000001a   Code   RO         2963    i.USART_GetFlagStatus  stm32f10x_usart.o
    0x08004510   0x08004510   0x00000054   Code   RO         2964    i.USART_GetITStatus  stm32f10x_usart.o
    0x08004564   0x08004564   0x0000004a   Code   RO         2966    i.USART_ITConfig    stm32f10x_usart.o
    0x080045ae   0x080045ae   0x00000002   PAD
    0x080045b0   0x080045b0   0x000000d8   Code   RO         2967    i.USART_Init        stm32f10x_usart.o
    0x08004688   0x08004688   0x0000000a   Code   RO         2974    i.USART_ReceiveData  stm32f10x_usart.o
    0x08004692   0x08004692   0x00000008   Code   RO         2977    i.USART_SendData    stm32f10x_usart.o
    0x0800469a   0x0800469a   0x00000004   Code   RO         4069    i.UsageFault_Handler  stm32f10x_it.o
    0x0800469e   0x0800469e   0x00000008   Code   RO         3640    i.W25Q64_Init       w25q64.o
    0x080046a6   0x080046a6   0x00000038   Code   RO         3641    i.W25Q64_PageProgram  w25q64.o
    0x080046de   0x080046de   0x0000004c   Code   RO         3642    i.W25Q64_ProgramOnePage  w25q64.o
    0x0800472a   0x0800472a   0x00000044   Code   RO         3643    i.W25Q64_ReadData   w25q64.o
    0x0800476e   0x0800476e   0x00000034   Code   RO         3644    i.W25Q64_ReadID     w25q64.o
    0x080047a2   0x080047a2   0x00000032   Code   RO         3645    i.W25Q64_SectorErase  w25q64.o
    0x080047d4   0x080047d4   0x00000038   Code   RO         3646    i.W25Q64_WaitBusy   w25q64.o
    0x0800480c   0x0800480c   0x00000012   Code   RO         3647    i.W25Q64_WriteEnable  w25q64.o
    0x0800481e   0x0800481e   0x00000008   Code   RO         3369    i.Watchdog_Feed     watchdog.o
    0x08004826   0x08004826   0x00000002   PAD
    0x08004828   0x08004828   0x0000003c   Code   RO         3370    i.Watchdog_Init     watchdog.o
    0x08004864   0x08004864   0x0000000c   Code   RO         3371    i.Watchdog_WasReset  watchdog.o
    0x08004870   0x08004870   0x00000028   Code   RO         4321    i.__ARM_fpclassify  m_ws.l(fpclassify.o)
    0x08004898   0x08004898   0x0000000e   Code   RO         4197    i._is_digit         c_w.l(__printf_wp.o)
    0x080048a6   0x080048a6   0x00000002   PAD
    0x080048a8   0x080048a8   0x0000020c   Code   RO         3803    i.main              main.o
    0x08004ab4   0x08004ab4   0x0000002c   Code   RO         4308    locale$$code        c_w.l(lc_numeric_c.o)
    0x08004ae0   0x08004ae0   0x0000002c   Code   RO         4329    locale$$code        c_w.l(lc_ctype_c.o)
    0x08004b0c   0x08004b0c   0x00000004   Code   RO         4230    x$fpl$printf1       fz_ws.l(printf1.o)
    0x08004b10   0x08004b10   0x00000004   Code   RO         4232    x$fpl$printf2       fz_ws.l(printf2.o)
    0x08004b14   0x08004b14   0x00000000   Code   RO         4320    x$fpl$usenofp       fz_ws.l(usenofp.o)
    0x08004b14   0x08004b14   0x0000000c   Data   RO         3230    .constdata          myrtc.o
    0x08004b20   0x08004b20   0x000005f0   Data   RO         3483    .constdata          oled.o
    0x08005110   0x08005110   0x00000011   Data   RO         3997    .constdata          shell.o
    0x08005121   0x08005121   0x00000003   PAD
    0x08005124   0x08005124   0x00000008   Data   RO         4156    .constdata          c_w.l(_printf_wctomb.o)
    0x0800512c   0x0800512c   0x00000028   Data   RO         4185    .constdata          c_w.l(_printf_hex_int_ll_ptr.o)
    0x08005154   0x08005154   0x00000011   Data   RO         4205    .constdata          c_w.l(__printf_flags_ss_wp.o)
    0x08005165   0x08005165   0x00000026   Data   RO         4260    .constdata          c_w.l(_printf_fp_hex.o)
    0x0800518b   0x0800518b   0x00000001   PAD
    0x0800518c   0x0800518c   0x00000094   Data   RO         4283    .constdata          c_w.l(bigflt0.o)
    0x08005220   0x08005220   0x00000020   Data   RO         4453    Region$$Table       anon$$obj.o
    0x08005240   0x08005240   0x0000001c   Data   RO         4307    locale$$data        c_w.l(lc_numeric_c.o)
    0x0800525c   0x0800525c   0x00000110   Data   RO         4328    locale$$data        c_w.l(lc_ctype_c.o)


    Execution Region RW_IRAM1 (Exec base: 0x20000000, Load base: 0x0800536c, Size: 0x00000728, Max: 0x00005000, ABSOLUTE)

    Exec Addr    Load Addr    Size         Type   Attr      Idx    E Section Name        Object

    0x20000000   0x0800536c   0x00000014   Data   RW           28    .data               system_stm32f10x.o
    0x20000014   0x08005380   0x00000014   Data   RW         1805    .data               stm32f10x_rcc.o
    0x20000028   0x08005394   0x0000000c   Data   RW         3231    .data               myrtc.o
    0x20000034   0x080053a0   0x00000004   Data   RW         3330    .data               systemtime.o
    0x20000038   0x080053a4   0x00000001   Data   RW         3372    .data               watchdog.o
    0x20000039   0x080053a5   0x00000001   PAD
    0x2000003a   0x080053a6   0x00000002   Data   RW         3576    .data               ad.o
    0x2000003c   0x080053a8   0x00000006   Data   RW         3714    .data               serial.o
    0x20000042   0x080053ae   0x00000002   PAD
    0x20000044   0x080053b0   0x00000014   Data   RW         3804    .data               main.o
    0x20000058   0x080053c4   0x0000000c   Data   RW         3895    .data               logger.o
    0x20000064        -       0x00000060   Zero   RW         3713    .bss                serial.o
    0x200000c4        -       0x00000060   Zero   RW         4324    .bss                c_w.l(libspace.o)
    0x20000124   0x080053d0   0x00000004   PAD
    0x20000128        -       0x00000200   Zero   RW            2    HEAP                startup_stm32f10x_md_1.o
    0x20000328        -       0x00000400   Zero   RW            1    STACK               startup_stm32f10x_md_1.o


==============================================================================

Image component sizes


      Code (inc. data)   RO Data    RW Data    ZI Data      Debug   Object Name

       256         16          0          2          0       1209   ad.o
         0          0          0          0          0       4508   core_cm3.o
        84         14          0          0          0       1356   led.o
       944         84          0         12          0      10119   logger.o
      1578        604          0         20          0       4891   main.o
       132         22          0          0          0     213867   misc.o
       632         36          0          0          0       4078   mpu6050.o
       618         26         12         12          0       6361   myrtc.o
       276         18          0          0          0       2550   myspi.o
       822         22       1520          0          0       7833   oled.o
       646         70          0          6         96       7071   serial.o
      1920        734         17          0          0       8054   shell.o
        64         26        236          0       1536        828   startup_stm32f10x_md_1.o
       390         10          0          0          0      17897   stm32f10x_adc.o
        56         10          0          0          0       2135   stm32f10x_bkp.o
       416          8          0          0          0      13134   stm32f10x_dma.o
       296          0          0          0          0      11848   stm32f10x_gpio.o
       404         14          0          0          0      14720   stm32f10x_i2c.o
        32          0          0          0          0       3942   stm32f10x_it.o
        68         30          0          0          0       2382   stm32f10x_iwdg.o
        12          6          0          0          0        494   stm32f10x_pwr.o
       452         70          0         20          0      16693   stm32f10x_rcc.o
       176         34          0          0          0       3391   stm32f10x_rtc.o
       112          0          0          0          0      10602   stm32f10x_spi.o
       472          6          0          0          0      12655   stm32f10x_usart.o
       492         50          0         20          0      50625   system_stm32f10x.o
       198         28          0          4          0      18224   systemtime.o
       384          6          0          0          0       4990   w25q64.o
        80         10          0          1          0       1624   watchdog.o

    ----------------------------------------------------------------------
     12046       1954       1820        100       1632     458081   Object Totals
         0          0         32          0          0          0   (incl. Generated)
        34          0          3          3          0          0   (incl. Padding)

    ----------------------------------------------------------------------

      Code (inc. data)   RO Data    RW Data    ZI Data      Debug   Library Member Name

         8          0          0          0          0         68   __main.o
       392          4         17          0          0         92   __printf_flags_ss_wp.o
        14          0          0          0          0         68   __printf_wp.o
         0          0          0          0          0          0   __rtentry.o
        12          0          0          0          0          0   __rtentry2.o
         6          0          0          0          0          0   __rtentry4.o
        52          8          0          0          0          0   __scatter.o
        26          0          0          0          0          0   __scatter_copy.o
        28          0          0          0          0          0   __scatter_zi.o
         6          0          0          0          0          0   _printf_a.o
         6          0          0          0          0          0   _printf_c.o
        44          0          0          0          0        108   _printf_char.o
        48          6          0          0          0         96   _printf_char_common.o
        40          0          0          0          0         68   _printf_charcount.o
         6          0          0          0          0          0   _printf_d.o
       120         16          0          0          0         92   _printf_dec.o
         6          0          0          0          0          0   _printf_e.o
         6          0          0          0          0          0   _printf_f.o
      1054          0          0          0          0        216   _printf_fp_dec.o
       764          8         38          0          0        100   _printf_fp_hex.o
       128         16          0          0          0         84   _printf_fp_infnan.o
         6          0          0          0          0          0   _printf_g.o
       148          4         40          0          0        160   _printf_hex_int_ll_ptr.o
         6          0          0          0          0          0   _printf_i.o
       178          0          0          0          0         88   _printf_intcommon.o
        10          0          0          0          0          0   _printf_l.o
         6          0          0          0          0          0   _printf_lc.o
        10          0          0          0          0          0   _printf_ll.o
         6          0          0          0          0          0   _printf_lld.o
         6          0          0          0          0          0   _printf_lli.o
         6          0          0          0          0          0   _printf_llo.o
         6          0          0          0          0          0   _printf_llu.o
         6          0          0          0          0          0   _printf_llx.o
       124         16          0          0          0         92   _printf_longlong_dec.o
         6          0          0          0          0          0   _printf_ls.o
         6          0          0          0          0          0   _printf_n.o
         6          0          0          0          0          0   _printf_o.o
       112         10          0          0          0        124   _printf_oct_int_ll.o
         6          0          0          0          0          0   _printf_p.o
        78          0          0          0          0        108   _printf_pad.o
         0          0          0          0          0          0   _printf_percent.o
         4          0          0          0          0          0   _printf_percent_end.o
         6          0          0          0          0          0   _printf_s.o
        82          0          0          0          0         80   _printf_str.o
        36          0          0          0          0         84   _printf_truncate.o
         6          0          0          0          0          0   _printf_u.o
        44          0          0          0          0        108   _printf_wchar.o
       188          6          8          0          0         92   _printf_wctomb.o
         6          0          0          0          0          0   _printf_x.o
        16          0          0          0          0         68   _snputc.o
        10          0          0          0          0         68   _sputc.o
        64          0          0          0          0         92   _wcrtomb.o
       228          4        148          0          0         96   bigflt0.o
      1936        128          0          0          0        672   btod.o
        18          0          0          0          0         80   exit.o
         6          0          0          0          0        152   heapauxi.o
         0          0          0          0          0          0   indicate_semi.o
        44         10        272          0          0         76   lc_ctype_c.o
        44         10         28          0          0         76   lc_numeric_c.o
         2          0          0          0          0          0   libinit.o
        30          0          0          0          0          0   libinit2.o
         2          0          0          0          0          0   libshutdown.o
         2          0          0          0          0          0   libshutdown2.o
         8          4          0          0         96         68   libspace.o
       138          0          0          0          0         80   lludiv10.o
        16          4          0          0          0         76   rt_ctype_table.o
         8          4          0          0          0         68   rt_locale_intlibspace.o
         2          0          0          0          0          0   rtexit.o
        10          0          0          0          0          0   rtexit2.o
       128          0          0          0          0         68   strcmpv7m.o
       150          0          0          0          0         80   strncmp.o
        12          4          0          0          0         68   sys_exit.o
        74          0          0          0          0         80   sys_stackheap_outer.o
         2          0          0          0          0         68   use_no_semi.o
        52          4          0          0          0         80   vsnprintf.o
         4          0          0          0          0         68   printf1.o
         4          0          0          0          0         68   printf2.o
         0          0          0          0          0          0   usenofp.o
        40          0          0          0          0         68   fpclassify.o

    ----------------------------------------------------------------------
      6938        266        552          0        100       4248   Library Totals
        18          0          1          0          4          0   (incl. Padding)

    ----------------------------------------------------------------------

      Code (inc. data)   RO Data    RW Data    ZI Data      Debug   Library Name

      6872        266        551          0         96       4044   c_w.l
         8          0          0          0          0        136   fz_ws.l
        40          0          0          0          0         68   m_ws.l

    ----------------------------------------------------------------------
      6938        266        552          0        100       4248   Library Totals

    ----------------------------------------------------------------------

==============================================================================


      Code (inc. data)   RO Data    RW Data    ZI Data      Debug   

     18984       2220       2372        100       1732     450989   Grand Totals
     18984       2220       2372        100       1732     450989   ELF Image Totals
     18984       2220       2372        100          0          0   ROM Totals

==============================================================================

    Total RO  Size (Code + RO Data)                21356 (  20.86kB)
    Total RW  Size (RW Data + ZI Data)              1832 (   1.79kB)
    Total ROM Size (Code + RO Data + RW Data)      21456 (  20.95kB)

==============================================================================

